Archive member included to satisfy reference by file (symbol)

c:/st/stm32cubeide_1.6.1/stm32cubeide/plugins/com.st.stm32cube.ide.mcu.externaltools.gnu-tools-for-stm32.9-2020-q2-update.win32_1.5.0.202011040924/tools/bin/../lib/gcc/arm-none-eabi/9.3.1/../../../../arm-none-eabi/lib/thumb/v7-m/nofp\libc_nano.a(lib_a-errno.o)
                              Core/Src/syscalls.o (__errno)
c:/st/stm32cubeide_1.6.1/stm32cubeide/plugins/com.st.stm32cube.ide.mcu.externaltools.gnu-tools-for-stm32.9-2020-q2-update.win32_1.5.0.202011040924/tools/bin/../lib/gcc/arm-none-eabi/9.3.1/../../../../arm-none-eabi/lib/thumb/v7-m/nofp\libc_nano.a(lib_a-exit.o)
                              c:/st/stm32cubeide_1.6.1/stm32cubeide/plugins/com.st.stm32cube.ide.mcu.externaltools.gnu-tools-for-stm32.9-2020-q2-update.win32_1.5.0.202011040924/tools/bin/../lib/gcc/arm-none-eabi/9.3.1/../../../../arm-none-eabi/lib/thumb/v7-m/nofp/crt0.o (exit)
c:/st/stm32cubeide_1.6.1/stm32cubeide/plugins/com.st.stm32cube.ide.mcu.externaltools.gnu-tools-for-stm32.9-2020-q2-update.win32_1.5.0.202011040924/tools/bin/../lib/gcc/arm-none-eabi/9.3.1/../../../../arm-none-eabi/lib/thumb/v7-m/nofp\libc_nano.a(lib_a-impure.o)
                              c:/st/stm32cubeide_1.6.1/stm32cubeide/plugins/com.st.stm32cube.ide.mcu.externaltools.gnu-tools-for-stm32.9-2020-q2-update.win32_1.5.0.202011040924/tools/bin/../lib/gcc/arm-none-eabi/9.3.1/../../../../arm-none-eabi/lib/thumb/v7-m/nofp\libc_nano.a(lib_a-exit.o) (_global_impure_ptr)
c:/st/stm32cubeide_1.6.1/stm32cubeide/plugins/com.st.stm32cube.ide.mcu.externaltools.gnu-tools-for-stm32.9-2020-q2-update.win32_1.5.0.202011040924/tools/bin/../lib/gcc/arm-none-eabi/9.3.1/../../../../arm-none-eabi/lib/thumb/v7-m/nofp\libc_nano.a(lib_a-init.o)
                              c:/st/stm32cubeide_1.6.1/stm32cubeide/plugins/com.st.stm32cube.ide.mcu.externaltools.gnu-tools-for-stm32.9-2020-q2-update.win32_1.5.0.202011040924/tools/bin/../lib/gcc/arm-none-eabi/9.3.1/../../../../arm-none-eabi/lib/thumb/v7-m/nofp/crt0.o (__libc_init_array)
c:/st/stm32cubeide_1.6.1/stm32cubeide/plugins/com.st.stm32cube.ide.mcu.externaltools.gnu-tools-for-stm32.9-2020-q2-update.win32_1.5.0.202011040924/tools/bin/../lib/gcc/arm-none-eabi/9.3.1/../../../../arm-none-eabi/lib/thumb/v7-m/nofp\libc_nano.a(lib_a-memset.o)
                              c:/st/stm32cubeide_1.6.1/stm32cubeide/plugins/com.st.stm32cube.ide.mcu.externaltools.gnu-tools-for-stm32.9-2020-q2-update.win32_1.5.0.202011040924/tools/bin/../lib/gcc/arm-none-eabi/9.3.1/../../../../arm-none-eabi/lib/thumb/v7-m/nofp/crt0.o (memset)
c:/st/stm32cubeide_1.6.1/stm32cubeide/plugins/com.st.stm32cube.ide.mcu.externaltools.gnu-tools-for-stm32.9-2020-q2-update.win32_1.5.0.202011040924/tools/bin/../lib/gcc/arm-none-eabi/9.3.1/../../../../arm-none-eabi/lib/thumb/v7-m/nofp\libc_nano.a(lib_a-strlen.o)
                              Core/Src/main.o (strlen)
c:/st/stm32cubeide_1.6.1/stm32cubeide/plugins/com.st.stm32cube.ide.mcu.externaltools.gnu-tools-for-stm32.9-2020-q2-update.win32_1.5.0.202011040924/tools/bin/../lib/gcc/arm-none-eabi/9.3.1/../../../../arm-none-eabi/lib/thumb/v7-m/nofp\libm.a(lib_a-w_log.o)
                              Core/api/eeprom/at24c.o (log)
c:/st/stm32cubeide_1.6.1/stm32cubeide/plugins/com.st.stm32cube.ide.mcu.externaltools.gnu-tools-for-stm32.9-2020-q2-update.win32_1.5.0.202011040924/tools/bin/../lib/gcc/arm-none-eabi/9.3.1/../../../../arm-none-eabi/lib/thumb/v7-m/nofp\libm.a(lib_a-wf_atan2.o)
                              Core/api/imu.o (atan2f)
c:/st/stm32cubeide_1.6.1/stm32cubeide/plugins/com.st.stm32cube.ide.mcu.externaltools.gnu-tools-for-stm32.9-2020-q2-update.win32_1.5.0.202011040924/tools/bin/../lib/gcc/arm-none-eabi/9.3.1/../../../../arm-none-eabi/lib/thumb/v7-m/nofp\libm.a(lib_a-e_log.o)
                              c:/st/stm32cubeide_1.6.1/stm32cubeide/plugins/com.st.stm32cube.ide.mcu.externaltools.gnu-tools-for-stm32.9-2020-q2-update.win32_1.5.0.202011040924/tools/bin/../lib/gcc/arm-none-eabi/9.3.1/../../../../arm-none-eabi/lib/thumb/v7-m/nofp\libm.a(lib_a-w_log.o) (__ieee754_log)
c:/st/stm32cubeide_1.6.1/stm32cubeide/plugins/com.st.stm32cube.ide.mcu.externaltools.gnu-tools-for-stm32.9-2020-q2-update.win32_1.5.0.202011040924/tools/bin/../lib/gcc/arm-none-eabi/9.3.1/../../../../arm-none-eabi/lib/thumb/v7-m/nofp\libm.a(lib_a-ef_atan2.o)
                              c:/st/stm32cubeide_1.6.1/stm32cubeide/plugins/com.st.stm32cube.ide.mcu.externaltools.gnu-tools-for-stm32.9-2020-q2-update.win32_1.5.0.202011040924/tools/bin/../lib/gcc/arm-none-eabi/9.3.1/../../../../arm-none-eabi/lib/thumb/v7-m/nofp\libm.a(lib_a-wf_atan2.o) (__ieee754_atan2f)
c:/st/stm32cubeide_1.6.1/stm32cubeide/plugins/com.st.stm32cube.ide.mcu.externaltools.gnu-tools-for-stm32.9-2020-q2-update.win32_1.5.0.202011040924/tools/bin/../lib/gcc/arm-none-eabi/9.3.1/../../../../arm-none-eabi/lib/thumb/v7-m/nofp\libm.a(lib_a-s_lib_ver.o)
[...]
Memory Configuration

Name             Origin             Length             Attributes
RAM              0x0000000020000000 0x0000000000005000 xrw
FLASH            0x0000000008000000 0x0000000000010000 xr
*default*        0x0000000000000000 0xffffffffffffffff

Linker script and memory map

LOAD c:/st/stm32cubeide_1.6.1/stm32cubeide/plugins/com.st.stm32cube.ide.mcu.externaltools.gnu-tools-for-stm32.9-2020-q2-update.win32_1.5.0.202011040924/tools/bin/../lib/gcc/arm-none-eabi/9.3.1/thumb/v7-m/nofp/crti.o
LOAD c:/st/stm32cubeide_1.6.1/stm32cubeide/plugins/com.st.stm32cube.ide.mcu.externaltools.gnu-tools-for-stm32.9-2020-q2-update.win32_1.5.0.202011040924/tools/bin/../lib/gcc/arm-none-eabi/9.3.1/thumb/v7-m/nofp/crtbegin.o
LOAD c:/st/stm32cubeide_1.6.1/stm32cubeide/plugins/com.st.stm32cube.ide.mcu.externaltools.gnu-tools-for-stm32.9-2020-q2-update.win32_1.5.0.202011040924/tools/bin/../lib/gcc/arm-none-eabi/9.3.1/../../../../arm-none-eabi/lib/thumb/v7-m/nofp/crt0.o
LOAD Core/Src/adc.o
LOAD Core/Src/dma.o
LOAD Core/Src/gpio.o
LOAD Core/Src/i2c.o
LOAD Core/Src/main.o
LOAD Core/Src/stm32f1xx_hal_msp.o
LOAD Core/Src/stm32f1xx_it.o
LOAD Core/Src/syscalls.o
LOAD Core/Src/sysmem.o
LOAD Core/Src/system_stm32f1xx.o
LOAD Core/Startup/startup_stm32f103c8tx.o
LOAD Core/api/eeprom/at24c.o
LOAD Core/api/eeprom/at24c_2k.o
LOAD Core/api/eeprom.o
LOAD Core/api/imu.o
LOAD Core/api/mouse.o
LOAD Core/api/imu/mpu-6050.o
LOAD Core/api/imu/mpu_6050.o
LOAD Core/bsp/bsp.o
LOAD Drivers/STM32F1xx_HAL_Driver/Src/stm32f1xx_hal.o
LOAD Drivers/STM32F1xx_HAL_Driver/Src/stm32f1xx_hal_adc.o
LOAD Drivers/STM32F1xx_HAL_Driver/Src/stm32f1xx_hal_adc_ex.o
LOAD Drivers/STM32F1xx_HAL_Driver/Src/stm32f1xx_hal_cortex.o
LOAD Drivers/STM32F1xx_HAL_Driver/Src/stm32f1xx_hal_dma.o
LOAD Drivers/STM32F1xx_HAL_Driver/Src/stm32f1xx_hal_exti.o
LOAD Drivers/STM32F1xx_HAL_Driver/Src/stm32f1xx_hal_flash.o
LOAD Drivers/STM32F1xx_HAL_Driver/Src/stm32f1xx_hal_flash_ex.o
LOAD Drivers/STM32F1xx_HAL_Driver/Src/stm32f1xx_hal_gpio.o
LOAD Drivers/STM32F1xx_HAL_Driver/Src/stm32f1xx_hal_gpio_ex.o
LOAD Drivers/STM32F1xx_HAL_Driver/Src/stm32f1xx_hal_i2c.o
LOAD Drivers/STM32F1xx_HAL_Driver/Src/stm32f1xx_hal_pcd.o
LOAD Drivers/STM32F1xx_HAL_Driver/Src/stm32f1xx_hal_pcd_ex.o
LOAD Drivers/STM32F1xx_HAL_Driver/Src/stm32f1xx_hal_pwr.o
LOAD Drivers/STM32F1xx_HAL_Driver/Src/stm32f1xx_hal_rcc.o
LOAD Drivers/STM32F1xx_HAL_Driver/Src/stm32f1xx_hal_rcc_ex.o
LOAD Drivers/STM32F1xx_HAL_Driver/Src/stm32f1xx_hal_tim.o
LOAD Drivers/STM32F1xx_HAL_Driver/Src/stm32f1xx_hal_tim_ex.o
LOAD Drivers/STM32F1xx_HAL_Driver/Src/stm32f1xx_ll_usb.o
LOAD Middlewares/ST/STM32_USB_Device_Library/Class/HID/Src/usbd_hid.o
LOAD Middlewares/ST/STM32_USB_Device_Library/Core/Src/usbd_core.o
LOAD Middlewares/ST/STM32_USB_Device_Library/Core/Src/usbd_ctlreq.o
LOAD Middlewares/ST/STM32_USB_Device_Library/Core/Src/usbd_ioreq.o
LOAD USB_DEVICE/App/usb_device.o
LOAD USB_DEVICE/App/usbd_desc.o
LOAD USB_DEVICE/Target/usbd_conf.o
START GROUP
LOAD c:/st/stm32cubeide_1.6.1/stm32cubeide/plugins/com.st.stm32cube.ide.mcu.externaltools.gnu-tools-for-stm32.9-2020-q2-update.win32_1.5.0.202011040924/tools/bin/../lib/gcc/arm-none-eabi/9.3.1/../../../../arm-none-eabi/lib/thumb/v7-m/nofp\libc_nano.a
LOAD c:/st/stm32cubeide_1.6.1/stm32cubeide/plugins/com.st.stm32cube.ide.mcu.externaltools.gnu-tools-for-stm32.9-2020-q2-update.win32_1.5.0.202011040924/tools/bin/../lib/gcc/arm-none-eabi/9.3.1/../../../../arm-none-eabi/lib/thumb/v7-m/nofp\libm.a
END GROUP
START GROUP
LOAD c:/st/stm32cubeide_1.6.1/stm32cubeide/plugins/com.st.stm32cube.ide.mcu.externaltools.gnu-tools-for-stm32.9-2020-q2-update.win32_1.5.0.202011040924/tools/bin/../lib/gcc/arm-none-eabi/9.3.1/thumb/v7-m/nofp\libgcc.a
LOAD c:/st/stm32cubeide_1.6.1/stm32cubeide/plugins/com.st.stm32cube.ide.mcu.externaltools.gnu-tools-for-stm32.9-2020-q2-update.win32_1.5.0.202011040924/tools/bin/../lib/gcc/arm-none-eabi/9.3.1/../../../../arm-none-eabi/lib/thumb/v7-m/nofp\libc_nano.a
END GROUP
START GROUP
LOAD c:/st/stm32cubeide_1.6.1/stm32cubeide/plugins/com.st.stm32cube.ide.mcu.externaltools.gnu-tools-for-stm32.9-2020-q2-update.win32_1.5.0.202011040924/tools/bin/../lib/gcc/arm-none-eabi/9.3.1/thumb/v7-m/nofp\libgcc.a
LOAD c:/st/stm32cubeide_1.6.1/stm32cubeide/plugins/com.st.stm32cube.ide.mcu.externaltools.gnu-tools-for-stm32.9-2020-q2-update.win32_1.5.0.202011040924/tools/bin/../lib/gcc/arm-none-eabi/9.3.1/../../../../arm-none-eabi/lib/thumb/v7-m/nofp\libc_nano.a
LOAD c:/st/stm32cubeide_1.6.1/stm32cubeide/plugins/com.st.stm32cube.ide.mcu.externaltools.gnu-tools-for-stm32.9-2020-q2-update.win32_1.5.0.202011040924/tools/bin/../lib/gcc/arm-none-eabi/9.3.1/../../../../arm-none-eabi/lib/thumb/v7-m/nofp\libnosys.a
END GROUP
START GROUP
LOAD c:/st/stm32cubeide_1.6.1/stm32cubeide/plugins/com.st.stm32cube.ide.mcu.externaltools.gnu-tools-for-stm32.9-2020-q2-update.win32_1.5.0.202011040924/tools/bin/../lib/gcc/arm-none-eabi/9.3.1/thumb/v7-m/nofp\libgcc.a
LOAD c:/st/stm32cubeide_1.6.1/stm32cubeide/plugins/com.st.stm32cube.ide.mcu.externaltools.gnu-tools-for-stm32.9-2020-q2-update.win32_1.5.0.202011040924/tools/bin/../lib/gcc/arm-none-eabi/9.3.1/../../../../arm-none-eabi/lib/thumb/v7-m/nofp\libc_nano.a
LOAD c:/st/stm32cubeide_1.6.1/stm32cubeide/plugins/com.st.stm32cube.ide.mcu.externaltools.gnu-tools-for-stm32.9-2020-q2-update.win32_1.5.0.202011040924/tools/bin/../lib/gcc/arm-none-eabi/9.3.1/../../../../arm-none-eabi/lib/thumb/v7-m/nofp\libnosys.a
END GROUP
LOAD c:/st/stm32cubeide_1.6.1/stm32cubeide/plugins/com.st.stm32cube.ide.mcu.externaltools.gnu-tools-for-stm32.9-2020-q2-update.win32_1.5.0.202011040924/tools/bin/../lib/gcc/arm-none-eabi/9.3.1/thumb/v7-m/nofp/crtend.o
LOAD c:/st/stm32cubeide_1.6.1/stm32cubeide/plugins/com.st.stm32cube.ide.mcu.externaltools.gnu-tools-for-stm32.9-2020-q2-update.win32_1.5.0.202011040924/tools/bin/../lib/gcc/arm-none-eabi/9.3.1/thumb/v7-m/nofp/crtn.o
                0x0000000020005000                _estack = (ORIGIN (RAM) + LENGTH (RAM))
                0x0000000000000200                _Min_Heap_Size = 0x200
                0x0000000000000400                _Min_Stack_Size = 0x400

.isr_vector     0x0000000008000000      0x10c
                0x0000000008000000                . = ALIGN (0x4)
 *(.isr_vector)
 .isr_vector    0x0000000008000000      0x10c Core/Startup/startup_stm32f103c8tx.o
                0x0000000008000000                g_pfnVectors
                0x000000000800010c                . = ALIGN (0x4)

.text           0x0000000008000110     0x9ff8
                0x0000000008000110                . = ALIGN (0x4)
 *(.text)
 .text          0x0000000008000110       0x40 c:/st/stm32cubeide_1.6.1/stm32cubeide/plugins/com.st.stm32cube.ide.mcu.externaltools.gnu-tools-for-stm32.9-2020-q2-update.win32_1.5.0.202011040924/tools/bin/../lib/gcc/arm-none-eabi/9.3.1/thumb/v7-m/nofp/crtbegin.o
 .text          0x0000000008000150       0x10 c:/st/stm32cubeide_1.6.1/stm32cubeide/plugins/com.st.stm32cube.ide.mcu.externaltools.gnu-tools-for-stm32.9-2020-q2-update.win32_1.5.0.202011040924/tools/bin/../lib/gcc/arm-none-eabi/9.3.1/../../../../arm-none-eabi/lib/thumb/v7-m/nofp\libc_nano.a(lib_a-strlen.o)
                0x0000000008000150                strlen
 .text          0x0000000008000160      0x378 c:/st/stm32cubeide_1.6.1/stm32cubeide/plugins/com.st.stm32cube.ide.mcu.externaltools.gnu-tools-for-stm32.9-2020-q2-update.win32_1.5.0.202011040924/tools/bin/../lib/gcc/arm-none-eabi/9.3.1/thumb/v7-m/nofp\libgcc.a(_arm_addsubdf3.o)
                0x0000000008000160                __aeabi_drsub
                0x0000000008000168                __aeabi_dsub
                0x0000000008000168                __subdf3
                0x000000000800016c                __aeabi_dadd
                0x000000000800016c                __adddf3
                0x00000000080003e4                __floatunsidf
                0x00000000080003e4                __aeabi_ui2d
                0x0000000008000404                __floatsidf
                0x0000000008000404                __aeabi_i2d
                0x0000000008000428                __aeabi_f2d
                0x0000000008000428                __extendsfdf2
                0x000000000800046c                __floatundidf
                0x000000000800046c                __aeabi_ul2d
                0x000000000800047c                __floatdidf
                0x000000000800047c                __aeabi_l2d
 .text          0x00000000080004d8      0x424 c:/st/stm32cubeide_1.6.1/stm32cubeide/plugins/com.st.stm32cube.ide.mcu.externaltools.gnu-tools-for-stm32.9-2020-q2-update.win32_1.5.0.202011040924/tools/bin/../lib/gcc/arm-none-eabi/9.3.1/thumb/v7-m/nofp\libgcc.a(_arm_muldivdf3.o)
                0x00000000080004d8                __aeabi_dmul
                0x00000000080004d8                __muldf3
                0x000000000800072c                __divdf3
                0x000000000800072c                __aeabi_ddiv
 .text          0x00000000080008fc      0x110 c:/st/stm32cubeide_1.6.1/stm32cubeide/plugins/com.st.stm32cube.ide.mcu.externaltools.gnu-tools-for-stm32.9-2020-q2-update.win32_1.5.0.202011040924/tools/bin/../lib/gcc/arm-none-eabi/9.3.1/thumb/v7-m/nofp\libgcc.a(_arm_cmpdf2.o)
                0x00000000080008fc                __gtdf2
                0x00000000080008fc                __gedf2
                0x0000000008000904                __ltdf2
                0x0000000008000904                __ledf2
                0x000000000800090c                __nedf2
                0x000000000800090c                __eqdf2
                0x000000000800090c                __cmpdf2
                0x0000000008000988                __aeabi_cdrcmple
                0x0000000008000998                __aeabi_cdcmpeq
                0x0000000008000998                __aeabi_cdcmple
                0x00000000080009a8                __aeabi_dcmpeq
                0x00000000080009bc                __aeabi_dcmplt
                0x00000000080009d0                __aeabi_dcmple
                0x00000000080009e4                __aeabi_dcmpge
                0x00000000080009f8                __aeabi_dcmpgt
 .text          0x0000000008000a0c       0x2c c:/st/stm32cubeide_1.6.1/stm32cubeide/plugins/com.st.stm32cube.ide.mcu.externaltools.gnu-tools-for-stm32.9-2020-q2-update.win32_1.5.0.202011040924/tools/bin/../lib/gcc/arm-none-eabi/9.3.1/thumb/v7-m/nofp\libgcc.a(_arm_unorddf2.o)
                0x0000000008000a0c                __unorddf2
                0x0000000008000a0c                __aeabi_dcmpun
 .text          0x0000000008000a38       0x50 c:/st/stm32cubeide_1.6.1/stm32cubeide/plugins/com.st.stm32cube.ide.mcu.externaltools.gnu-tools-for-stm32.9-2020-q2-update.win32_1.5.0.202011040924/tools/bin/../lib/gcc/arm-none-eabi/9.3.1/thumb/v7-m/nofp\libgcc.a(_arm_fixdfsi.o)
                0x0000000008000a38                __aeabi_d2iz
                0x0000000008000a38                __fixdfsi
 .text          0x0000000008000a88      0x21c c:/st/stm32cubeide_1.6.1/stm32cubeide/plugins/com.st.stm32cube.ide.mcu.externaltools.gnu-tools-for-stm32.9-2020-q2-update.win32_1.5.0.202011040924/tools/bin/../lib/gcc/arm-none-eabi/9.3.1/thumb/v7-m/nofp\libgcc.a(_arm_addsubsf3.o)
                0x0000000008000a88                __aeabi_frsub
                0x0000000008000a90                __subsf3
                0x0000000008000a90                __aeabi_fsub
                0x0000000008000a94                __aeabi_fadd
                0x0000000008000a94                __addsf3
                0x0000000008000bf4                __aeabi_ui2f
                0x0000000008000bf4                __floatunsisf
                0x0000000008000bfc                __aeabi_i2f
                0x0000000008000bfc                __floatsisf
                0x0000000008000c18                __aeabi_ul2f
                0x0000000008000c18                __floatundisf
                0x0000000008000c28                __aeabi_l2f
                0x0000000008000c28                __floatdisf
 .text          0x0000000008000ca4      0x2a0 c:/st/stm32cubeide_1.6.1/stm32cubeide/plugins/com.st.stm32cube.ide.mcu.externaltools.gnu-tools-for-stm32.9-2020-q2-update.win32_1.5.0.202011040924/tools/bin/../lib/gcc/arm-none-eabi/9.3.1/thumb/v7-m/nofp\libgcc.a(_arm_muldivsf3.o)
                0x0000000008000ca4                __mulsf3
                0x0000000008000ca4                __aeabi_fmul
                0x0000000008000e0c                __aeabi_fdiv
                0x0000000008000e0c                __divsf3
 .text          0x0000000008000f44       0xec c:/st/stm32cubeide_1.6.1/stm32cubeide/plugins/com.st.stm32cube.ide.mcu.externaltools.gnu-tools-for-stm32.9-2020-q2-update.win32_1.5.0.202011040924/tools/bin/../lib/gcc/arm-none-eabi/9.3.1/thumb/v7-m/nofp\libgcc.a(_arm_cmpsf2.o)
                0x0000000008000f44                __gesf2
                0x0000000008000f44                __gtsf2
                0x0000000008000f4c                __lesf2
                0x0000000008000f4c                __ltsf2
                0x0000000008000f54                __nesf2
                0x0000000008000f54                __eqsf2
                0x0000000008000f54                __cmpsf2
                0x0000000008000fb4                __aeabi_cfrcmple
                0x0000000008000fbc                __aeabi_cfcmpeq
                0x0000000008000fbc                __aeabi_cfcmple
                0x0000000008000fcc                __aeabi_fcmpeq
                0x0000000008000fe0                __aeabi_fcmplt
                0x0000000008000ff4                __aeabi_fcmple
                0x0000000008001008                __aeabi_fcmpge
                0x000000000800101c                __aeabi_fcmpgt
 *(.text*)
 .text.MX_ADC1_Init
                0x0000000008001030       0x9c Core/Src/adc.o
                0x0000000008001030                MX_ADC1_Init
 .text.HAL_ADC_MspInit
                0x00000000080010cc       0xd0 Core/Src/adc.o
                0x00000000080010cc                HAL_ADC_MspInit
 .text.MX_DMA_Init
                0x000000000800119c       0x3c Core/Src/dma.o
                0x000000000800119c                MX_DMA_Init
 .text.MX_GPIO_Init
                0x00000000080011d8       0xd0 Core/Src/gpio.o
                0x00000000080011d8                MX_GPIO_Init
 .text.MX_I2C1_Init
                0x00000000080012a8       0x5c Core/Src/i2c.o
                0x00000000080012a8                MX_I2C1_Init
 .text.HAL_I2C_MspInit
                0x0000000008001304       0xa0 Core/Src/i2c.o
                0x0000000008001304                HAL_I2C_MspInit
 .text.IMU_readAllI2C
                0x00000000080013a4       0x20 Core/Src/main.o
 .text.eeprom_Read
                0x00000000080013c4       0x30 Core/Src/main.o
 .text.eeprom_Write
                0x00000000080013f4       0x30 Core/Src/main.o
 .text.eeprom_PageErase
                0x0000000008001424       0x24 Core/Src/main.o
 .text.main     0x0000000008001448       0xe8 Core/Src/main.o
                0x0000000008001448                main
 .text.SystemClock_Config
                0x0000000008001530       0xba Core/Src/main.o
                0x0000000008001530                SystemClock_Config
 .text.Error_Handler
                0x00000000080015ea        0xa Core/Src/main.o
                0x00000000080015ea                Error_Handler
 .text.HAL_MspInit
                0x00000000080015f4       0x64 Core/Src/stm32f1xx_hal_msp.o
                0x00000000080015f4                HAL_MspInit
 .text.NMI_Handler
                0x0000000008001658        0x6 Core/Src/stm32f1xx_it.o
                0x0000000008001658                NMI_Handler
 .text.HardFault_Handler
                0x000000000800165e        0x6 Core/Src/stm32f1xx_it.o
                0x000000000800165e                HardFault_Handler
 .text.MemManage_Handler
                0x0000000008001664        0x6 Core/Src/stm32f1xx_it.o
                0x0000000008001664                MemManage_Handler
 .text.BusFault_Handler
                0x000000000800166a        0x6 Core/Src/stm32f1xx_it.o
                0x000000000800166a                BusFault_Handler
 .text.UsageFault_Handler
                0x0000000008001670        0x6 Core/Src/stm32f1xx_it.o
                0x0000000008001670                UsageFault_Handler
 .text.SVC_Handler
                0x0000000008001676        0xc Core/Src/stm32f1xx_it.o
                0x0000000008001676                SVC_Handler
 .text.DebugMon_Handler
                0x0000000008001682        0xc Core/Src/stm32f1xx_it.o
                0x0000000008001682                DebugMon_Handler
 .text.PendSV_Handler
                0x000000000800168e        0xc Core/Src/stm32f1xx_it.o
                0x000000000800168e                PendSV_Handler
 .text.SysTick_Handler
                0x000000000800169a        0xc Core/Src/stm32f1xx_it.o
                0x000000000800169a                SysTick_Handler
 *fill*         0x00000000080016a6        0x2 
 .text.DMA1_Channel1_IRQHandler
                0x00000000080016a8       0x14 Core/Src/stm32f1xx_it.o
                0x00000000080016a8                DMA1_Channel1_IRQHandler
 .text.USB_HP_CAN1_TX_IRQHandler
                0x00000000080016bc       0x14 Core/Src/stm32f1xx_it.o
                0x00000000080016bc                USB_HP_CAN1_TX_IRQHandler
 .text.USB_LP_CAN1_RX0_IRQHandler
                0x00000000080016d0       0x14 Core/Src/stm32f1xx_it.o
                0x00000000080016d0                USB_LP_CAN1_RX0_IRQHandler
 .text.SystemInit
                0x00000000080016e4        0xc Core/Src/system_stm32f1xx.o
                0x00000000080016e4                SystemInit
 .text.Reset_Handler
                0x00000000080016f0       0x48 Core/Startup/startup_stm32f103c8tx.o
                0x00000000080016f0                Reset_Handler
 .text.Default_Handler
                0x0000000008001738        0x2 Core/Startup/startup_stm32f103c8tx.o
                0x0000000008001738                RTC_Alarm_IRQHandler
                0x0000000008001738                EXTI2_IRQHandler
                0x0000000008001738                TIM1_CC_IRQHandler
                0x0000000008001738                PVD_IRQHandler
                0x0000000008001738                EXTI3_IRQHandler
                0x0000000008001738                EXTI0_IRQHandler
                0x0000000008001738                I2C2_EV_IRQHandler
                0x0000000008001738                ADC1_2_IRQHandler
                0x0000000008001738                SPI1_IRQHandler
                0x0000000008001738                TAMPER_IRQHandler
                0x0000000008001738                DMA1_Channel4_IRQHandler
                0x0000000008001738                USART3_IRQHandler
                0x0000000008001738                RTC_IRQHandler
                0x0000000008001738                DMA1_Channel7_IRQHandler
                0x0000000008001738                CAN1_RX1_IRQHandler
                0x0000000008001738                TIM4_IRQHandler
                0x0000000008001738                I2C1_EV_IRQHandler
                0x0000000008001738                DMA1_Channel6_IRQHandler
                0x0000000008001738                TIM3_IRQHandler
                0x0000000008001738                RCC_IRQHandler
                0x0000000008001738                TIM1_TRG_COM_IRQHandler
                0x0000000008001738                Default_Handler
                0x0000000008001738                EXTI15_10_IRQHandler
                0x0000000008001738                EXTI9_5_IRQHandler
                0x0000000008001738                SPI2_IRQHandler
                0x0000000008001738                DMA1_Channel5_IRQHandler
                0x0000000008001738                EXTI4_IRQHandler
                0x0000000008001738                DMA1_Channel3_IRQHandler
                0x0000000008001738                TIM1_UP_IRQHandler
                0x0000000008001738                WWDG_IRQHandler
                0x0000000008001738                TIM2_IRQHandler
                0x0000000008001738                TIM1_BRK_IRQHandler
                0x0000000008001738                EXTI1_IRQHandler
                0x0000000008001738                USART2_IRQHandler
                0x0000000008001738                I2C2_ER_IRQHandler
                0x0000000008001738                DMA1_Channel2_IRQHandler
                0x0000000008001738                CAN1_SCE_IRQHandler
                0x0000000008001738                FLASH_IRQHandler
                0x0000000008001738                USART1_IRQHandler
                0x0000000008001738                I2C1_ER_IRQHandler
                0x0000000008001738                USBWakeUp_IRQHandler
 *fill*         0x000000000800173a        0x2 
 .text.eeprom_at24c_ctor
                0x000000000800173c       0x38 Core/api/eeprom/at24c.o
                0x000000000800173c                eeprom_at24c_ctor
 .text.bytestowrite
                0x0000000008001774       0x38 Core/api/eeprom/at24c.o
                0x0000000008001774                bytestowrite
 .text.float2Bytes
                0x00000000080017ac       0x40 Core/api/eeprom/at24c.o
                0x00000000080017ac                float2Bytes
 .text.Bytes2float
                0x00000000080017ec       0x3e Core/api/eeprom/at24c.o
                0x00000000080017ec                Bytes2float
 *fill*         0x000000000800182a        0x6 
 .text.eeprom_at24c_readVTable
                0x0000000008001830      0x110 Core/api/eeprom/at24c.o
                0x0000000008001830                eeprom_at24c_readVTable
 .text.eeprom_at24c_writeVTable
                0x0000000008001940      0x120 Core/api/eeprom/at24c.o
                0x0000000008001940                eeprom_at24c_writeVTable
 .text.eeprom_at24c_pageEraseVTable
                0x0000000008001a60       0xe8 Core/api/eeprom/at24c.o
                0x0000000008001a60                eeprom_at24c_pageEraseVTable
 .text.eeprom_at24c_writeNumVTable
                0x0000000008001b48       0x38 Core/api/eeprom/at24c.o
                0x0000000008001b48                eeprom_at24c_writeNumVTable
 .text.eeprom_at24c_readNumVTable
                0x0000000008001b80       0x42 Core/api/eeprom/at24c.o
                0x0000000008001b80                eeprom_at24c_readNumVTable
 *fill*         0x0000000008001bc2        0x2 
 .text.eeprom_ctor
                0x0000000008001bc4       0x5c Core/api/eeprom.o
                0x0000000008001bc4                eeprom_ctor
 .text.eeprom_ReadVTable
                0x0000000008001c20       0x1e Core/api/eeprom.o
 .text.eeprom_WriteVTable
                0x0000000008001c3e       0x1e Core/api/eeprom.o
 .text.eeprom_PageEraseVTable
                0x0000000008001c5c       0x18 Core/api/eeprom.o
 .text.eeprom_WriteNumberVTable
                0x0000000008001c74       0x1e Core/api/eeprom.o
 .text.eeprom_ReadNumberVTable
                0x0000000008001c92       0x1e Core/api/eeprom.o
 .text.IMU_I2C_ctor
                0x0000000008001cb0       0x40 Core/api/imu.o
                0x0000000008001cb0                IMU_I2C_ctor
 .text.IMU_readAllI2C_VTable
                0x0000000008001cf0       0x16 Core/api/imu.o
 .text.IMU_readAccelI2C_VTable
                0x0000000008001d06       0x16 Core/api/imu.o
 .text.IMU_readGyroI2C_VTable
                0x0000000008001d1c       0x16 Core/api/imu.o
 .text.IMU_readTempI2C_VTable
                0x0000000008001d32       0x16 Core/api/imu.o
 .text.imu_mpu6050_ctor
                0x0000000008001d48       0x4c Core/api/imu/mpu_6050.o
                0x0000000008001d48                imu_mpu6050_ctor
 .text.imu_mpu6050_readAccelVTable
                0x0000000008001d94       0xd8 Core/api/imu/mpu_6050.o
                0x0000000008001d94                imu_mpu6050_readAccelVTable
 *fill*         0x0000000008001e6c        0x4 
 .text.imu_mpu6050_readGyroVTable
                0x0000000008001e70       0xe0 Core/api/imu/mpu_6050.o
                0x0000000008001e70                imu_mpu6050_readGyroVTable
 .text.imu_mpu6050_readTempVTable
                0x0000000008001f50       0x74 Core/api/imu/mpu_6050.o
                0x0000000008001f50                imu_mpu6050_readTempVTable
 *fill*         0x0000000008001fc4        0x4 
 .text.imu_mpu6050_readAllVTable
                0x0000000008001fc8      0x1ac Core/api/imu/mpu_6050.o
                0x0000000008001fc8                imu_mpu6050_readAllVTable
 .text.BSP_EEPROM_Init
                0x0000000008002174       0x30 Core/bsp/bsp.o
                0x0000000008002174                BSP_EEPROM_Init
 .text.BSP_IMU_Init
                0x00000000080021a4       0x1c Core/bsp/bsp.o
                0x00000000080021a4                BSP_IMU_Init
 .text.HAL_Init
                0x00000000080021c0       0x2c Drivers/STM32F1xx_HAL_Driver/Src/stm32f1xx_hal.o
                0x00000000080021c0                HAL_Init
 .text.HAL_InitTick
                0x00000000080021ec       0x60 Drivers/STM32F1xx_HAL_Driver/Src/stm32f1xx_hal.o
                0x00000000080021ec                HAL_InitTick
 .text.HAL_IncTick
                0x000000000800224c       0x24 Drivers/STM32F1xx_HAL_Driver/Src/stm32f1xx_hal.o
                0x000000000800224c                HAL_IncTick
 .text.HAL_GetTick
                0x0000000008002270       0x14 Drivers/STM32F1xx_HAL_Driver/Src/stm32f1xx_hal.o
                0x0000000008002270                HAL_GetTick
 .text.HAL_Delay
                0x0000000008002284       0x48 Drivers/STM32F1xx_HAL_Driver/Src/stm32f1xx_hal.o
                0x0000000008002284                HAL_Delay
 .text.HAL_ADC_Init
                0x00000000080022cc      0x1b0 Drivers/STM32F1xx_HAL_Driver/Src/stm32f1xx_hal_adc.o
                0x00000000080022cc                HAL_ADC_Init
 .text.HAL_ADC_ConfigChannel
                0x000000000800247c      0x1f0 Drivers/STM32F1xx_HAL_Driver/Src/stm32f1xx_hal_adc.o
                0x000000000800247c                HAL_ADC_ConfigChannel
 .text.ADC_ConversionStop_Disable
                0x000000000800266c       0x74 Drivers/STM32F1xx_HAL_Driver/Src/stm32f1xx_hal_adc.o
                0x000000000800266c                ADC_ConversionStop_Disable
 .text.__NVIC_SetPriorityGrouping
                0x00000000080026e0       0x48 Drivers/STM32F1xx_HAL_Driver/Src/stm32f1xx_hal_cortex.o
 .text.__NVIC_GetPriorityGrouping
                0x0000000008002728       0x1c Drivers/STM32F1xx_HAL_Driver/Src/stm32f1xx_hal_cortex.o
 .text.__NVIC_EnableIRQ
                0x0000000008002744       0x38 Drivers/STM32F1xx_HAL_Driver/Src/stm32f1xx_hal_cortex.o
 .text.__NVIC_SetPriority
                0x000000000800277c       0x54 Drivers/STM32F1xx_HAL_Driver/Src/stm32f1xx_hal_cortex.o
 .text.NVIC_EncodePriority
                0x00000000080027d0       0x64 Drivers/STM32F1xx_HAL_Driver/Src/stm32f1xx_hal_cortex.o
 .text.SysTick_Config
                0x0000000008002834       0x44 Drivers/STM32F1xx_HAL_Driver/Src/stm32f1xx_hal_cortex.o
 .text.HAL_NVIC_SetPriorityGrouping
                0x0000000008002878       0x16 Drivers/STM32F1xx_HAL_Driver/Src/stm32f1xx_hal_cortex.o
                0x0000000008002878                HAL_NVIC_SetPriorityGrouping
 .text.HAL_NVIC_SetPriority
                0x000000000800288e       0x38 Drivers/STM32F1xx_HAL_Driver/Src/stm32f1xx_hal_cortex.o
                0x000000000800288e                HAL_NVIC_SetPriority
 .text.HAL_NVIC_EnableIRQ
                0x00000000080028c6       0x1c Drivers/STM32F1xx_HAL_Driver/Src/stm32f1xx_hal_cortex.o
                0x00000000080028c6                HAL_NVIC_EnableIRQ
 .text.HAL_SYSTICK_Config
                0x00000000080028e2       0x18 Drivers/STM32F1xx_HAL_Driver/Src/stm32f1xx_hal_cortex.o
                0x00000000080028e2                HAL_SYSTICK_Config
 *fill*         0x00000000080028fa        0x2 
 .text.HAL_DMA_Init
                0x00000000080028fc       0xb4 Drivers/STM32F1xx_HAL_Driver/Src/stm32f1xx_hal_dma.o
                0x00000000080028fc                HAL_DMA_Init
 .text.HAL_DMA_IRQHandler
                0x00000000080029b0      0x20c Drivers/STM32F1xx_HAL_Driver/Src/stm32f1xx_hal_dma.o
                0x00000000080029b0                HAL_DMA_IRQHandler
 .text.HAL_GPIO_Init
                0x0000000008002bbc      0x308 Drivers/STM32F1xx_HAL_Driver/Src/stm32f1xx_hal_gpio.o
                0x0000000008002bbc                HAL_GPIO_Init
 .text.HAL_GPIO_WritePin
                0x0000000008002ec4       0x30 Drivers/STM32F1xx_HAL_Driver/Src/stm32f1xx_hal_gpio.o
                0x0000000008002ec4                HAL_GPIO_WritePin
 .text.HAL_GPIO_TogglePin
                0x0000000008002ef4       0x32 Drivers/STM32F1xx_HAL_Driver/Src/stm32f1xx_hal_gpio.o
                0x0000000008002ef4                HAL_GPIO_TogglePin
 *fill*         0x0000000008002f26        0x2 
 .text.HAL_I2C_Init
                0x0000000008002f28      0x288 Drivers/STM32F1xx_HAL_Driver/Src/stm32f1xx_hal_i2c.o
                0x0000000008002f28                HAL_I2C_Init
 .text.HAL_I2C_Mem_Write
                0x00000000080031b0      0x1f4 Drivers/STM32F1xx_HAL_Driver/Src/stm32f1xx_hal_i2c.o
                0x00000000080031b0                HAL_I2C_Mem_Write
 .text.HAL_I2C_Mem_Read
                0x00000000080033a4      0x4d0 Drivers/STM32F1xx_HAL_Driver/Src/stm32f1xx_hal_i2c.o
                0x00000000080033a4                HAL_I2C_Mem_Read
 .text.I2C_RequestMemoryWrite
                0x0000000008003874      0x12c Drivers/STM32F1xx_HAL_Driver/Src/stm32f1xx_hal_i2c.o
 .text.I2C_RequestMemoryRead
                0x00000000080039a0      0x1d0 Drivers/STM32F1xx_HAL_Driver/Src/stm32f1xx_hal_i2c.o
 .text.I2C_WaitOnFlagUntilTimeout
                0x0000000008003b70       0xae Drivers/STM32F1xx_HAL_Driver/Src/stm32f1xx_hal_i2c.o
 .text.I2C_WaitOnMasterAddressFlagUntilTimeout
                0x0000000008003c1e       0xfe Drivers/STM32F1xx_HAL_Driver/Src/stm32f1xx_hal_i2c.o
 .text.I2C_WaitOnTXEFlagUntilTimeout
                0x0000000008003d1c       0x82 Drivers/STM32F1xx_HAL_Driver/Src/stm32f1xx_hal_i2c.o
 .text.I2C_WaitOnBTFFlagUntilTimeout
                0x0000000008003d9e       0x82 Drivers/STM32F1xx_HAL_Driver/Src/stm32f1xx_hal_i2c.o
 .text.I2C_WaitOnRXNEFlagUntilTimeout
                0x0000000008003e20       0xac Drivers/STM32F1xx_HAL_Driver/Src/stm32f1xx_hal_i2c.o
 .text.I2C_IsAcknowledgeFailed
                0x0000000008003ecc       0x5c Drivers/STM32F1xx_HAL_Driver/Src/stm32f1xx_hal_i2c.o
 .text.HAL_PCD_Init
                0x0000000008003f28      0x216 Drivers/STM32F1xx_HAL_Driver/Src/stm32f1xx_hal_pcd.o
                0x0000000008003f28                HAL_PCD_Init
 .text.HAL_PCD_Start
                0x000000000800413e       0x4c Drivers/STM32F1xx_HAL_Driver/Src/stm32f1xx_hal_pcd.o
                0x000000000800413e                HAL_PCD_Start
 .text.HAL_PCD_IRQHandler
                0x000000000800418a      0x2aa Drivers/STM32F1xx_HAL_Driver/Src/stm32f1xx_hal_pcd.o
                0x000000000800418a                HAL_PCD_IRQHandler
 .text.HAL_PCD_SetAddress
                0x0000000008004434       0x4a Drivers/STM32F1xx_HAL_Driver/Src/stm32f1xx_hal_pcd.o
                0x0000000008004434                HAL_PCD_SetAddress
 .text.HAL_PCD_EP_Open
                0x000000000800447e       0xcc Drivers/STM32F1xx_HAL_Driver/Src/stm32f1xx_hal_pcd.o
                0x000000000800447e                HAL_PCD_EP_Open
 .text.HAL_PCD_EP_Close
                0x000000000800454a       0x90 Drivers/STM32F1xx_HAL_Driver/Src/stm32f1xx_hal_pcd.o
                0x000000000800454a                HAL_PCD_EP_Close
 .text.HAL_PCD_EP_Receive
                0x00000000080045da       0x7a Drivers/STM32F1xx_HAL_Driver/Src/stm32f1xx_hal_pcd.o
                0x00000000080045da                HAL_PCD_EP_Receive
 .text.HAL_PCD_EP_Transmit
                0x0000000008004654       0x86 Drivers/STM32F1xx_HAL_Driver/Src/stm32f1xx_hal_pcd.o
                0x0000000008004654                HAL_PCD_EP_Transmit
 .text.HAL_PCD_EP_SetStall
                0x00000000080046da       0xc0 Drivers/STM32F1xx_HAL_Driver/Src/stm32f1xx_hal_pcd.o
                0x00000000080046da                HAL_PCD_EP_SetStall
 .text.HAL_PCD_EP_ClrStall
                0x000000000800479a       0xa8 Drivers/STM32F1xx_HAL_Driver/Src/stm32f1xx_hal_pcd.o
                0x000000000800479a                HAL_PCD_EP_ClrStall
 .text.PCD_EP_ISR_Handler
                0x0000000008004842      0x5e6 Drivers/STM32F1xx_HAL_Driver/Src/stm32f1xx_hal_pcd.o
 .text.HAL_PCD_EP_DB_Receive
                0x0000000008004e28      0x21a Drivers/STM32F1xx_HAL_Driver/Src/stm32f1xx_hal_pcd.o
 .text.HAL_PCD_EP_DB_Transmit
                0x0000000008005042      0x556 Drivers/STM32F1xx_HAL_Driver/Src/stm32f1xx_hal_pcd.o
 .text.HAL_PCDEx_PMAConfig
                0x0000000008005598       0x84 Drivers/STM32F1xx_HAL_Driver/Src/stm32f1xx_hal_pcd_ex.o
                0x0000000008005598                HAL_PCDEx_PMAConfig
 .text.HAL_RCC_OscConfig
                0x000000000800561c      0x500 Drivers/STM32F1xx_HAL_Driver/Src/stm32f1xx_hal_rcc.o
                0x000000000800561c                HAL_RCC_OscConfig
 .text.HAL_RCC_ClockConfig
                0x0000000008005b1c      0x1d4 Drivers/STM32F1xx_HAL_Driver/Src/stm32f1xx_hal_rcc.o
                0x0000000008005b1c                HAL_RCC_ClockConfig
 .text.HAL_RCC_GetSysClockFreq
                0x0000000008005cf0       0xc0 Drivers/STM32F1xx_HAL_Driver/Src/stm32f1xx_hal_rcc.o
                0x0000000008005cf0                HAL_RCC_GetSysClockFreq
 .text.HAL_RCC_GetHCLKFreq
                0x0000000008005db0       0x14 Drivers/STM32F1xx_HAL_Driver/Src/stm32f1xx_hal_rcc.o
                0x0000000008005db0                HAL_RCC_GetHCLKFreq
 .text.HAL_RCC_GetPCLK1Freq
                0x0000000008005dc4       0x28 Drivers/STM32F1xx_HAL_Driver/Src/stm32f1xx_hal_rcc.o
                0x0000000008005dc4                HAL_RCC_GetPCLK1Freq
 .text.RCC_Delay
                0x0000000008005dec       0x3c Drivers/STM32F1xx_HAL_Driver/Src/stm32f1xx_hal_rcc.o
 .text.HAL_RCCEx_PeriphCLKConfig
                0x0000000008005e28      0x16c Drivers/STM32F1xx_HAL_Driver/Src/stm32f1xx_hal_rcc_ex.o
                0x0000000008005e28                HAL_RCCEx_PeriphCLKConfig
 .text.USB_CoreInit
                0x0000000008005f94       0x20 Drivers/STM32F1xx_HAL_Driver/Src/stm32f1xx_ll_usb.o
                0x0000000008005f94                USB_CoreInit
 .text.USB_EnableGlobalInt
                0x0000000008005fb4       0x2c Drivers/STM32F1xx_HAL_Driver/Src/stm32f1xx_ll_usb.o
                0x0000000008005fb4                USB_EnableGlobalInt
 .text.USB_DisableGlobalInt
                0x0000000008005fe0       0x34 Drivers/STM32F1xx_HAL_Driver/Src/stm32f1xx_ll_usb.o
                0x0000000008005fe0                USB_DisableGlobalInt
 .text.USB_SetCurrentMode
                0x0000000008006014       0x18 Drivers/STM32F1xx_HAL_Driver/Src/stm32f1xx_ll_usb.o
                0x0000000008006014                USB_SetCurrentMode
 .text.USB_DevInit
                0x000000000800602c       0x40 Drivers/STM32F1xx_HAL_Driver/Src/stm32f1xx_ll_usb.o
                0x000000000800602c                USB_DevInit
 .text.USB_ActivateEndpoint
                0x000000000800606c      0x6d4 Drivers/STM32F1xx_HAL_Driver/Src/stm32f1xx_ll_usb.o
                0x000000000800606c                USB_ActivateEndpoint
 .text.USB_DeactivateEndpoint
                0x0000000008006740      0x3d8 Drivers/STM32F1xx_HAL_Driver/Src/stm32f1xx_ll_usb.o
                0x0000000008006740                USB_DeactivateEndpoint
 .text.USB_EPStartXfer
                0x0000000008006b18     0x1240 Drivers/STM32F1xx_HAL_Driver/Src/stm32f1xx_ll_usb.o
                0x0000000008006b18                USB_EPStartXfer
 .text.USB_EPSetStall
                0x0000000008007d58       0xa0 Drivers/STM32F1xx_HAL_Driver/Src/stm32f1xx_ll_usb.o
                0x0000000008007d58                USB_EPSetStall
 .text.USB_EPClearStall
                0x0000000008007df8      0x15a Drivers/STM32F1xx_HAL_Driver/Src/stm32f1xx_ll_usb.o
                0x0000000008007df8                USB_EPClearStall
 .text.USB_SetDevAddress
                0x0000000008007f52       0x26 Drivers/STM32F1xx_HAL_Driver/Src/stm32f1xx_ll_usb.o
                0x0000000008007f52                USB_SetDevAddress
 .text.USB_DevConnect
                0x0000000008007f78       0x14 Drivers/STM32F1xx_HAL_Driver/Src/stm32f1xx_ll_usb.o
                0x0000000008007f78                USB_DevConnect
 .text.USB_DevDisconnect
                0x0000000008007f8c       0x14 Drivers/STM32F1xx_HAL_Driver/Src/stm32f1xx_ll_usb.o
                0x0000000008007f8c                USB_DevDisconnect
 .text.USB_ReadInterrupts
                0x0000000008007fa0       0x1e Drivers/STM32F1xx_HAL_Driver/Src/stm32f1xx_ll_usb.o
                0x0000000008007fa0                USB_ReadInterrupts
 .text.USB_EP0_OutStart
                0x0000000008007fbe       0x16 Drivers/STM32F1xx_HAL_Driver/Src/stm32f1xx_ll_usb.o
                0x0000000008007fbe                USB_EP0_OutStart
 .text.USB_WritePMA
                0x0000000008007fd4       0x8a Drivers/STM32F1xx_HAL_Driver/Src/stm32f1xx_ll_usb.o
                0x0000000008007fd4                USB_WritePMA
 .text.USB_ReadPMA
                0x000000000800805e       0x9e Drivers/STM32F1xx_HAL_Driver/Src/stm32f1xx_ll_usb.o
                0x000000000800805e                USB_ReadPMA
 .text.USBD_HID_Init
                0x00000000080080fc       0x4e Middlewares/ST/STM32_USB_Device_Library/Class/HID/Src/usbd_hid.o
 .text.USBD_HID_DeInit
                0x000000000800814a       0x42 Middlewares/ST/STM32_USB_Device_Library/Class/HID/Src/usbd_hid.o
 .text.USBD_HID_Setup
                0x000000000800818c      0x1fc Middlewares/ST/STM32_USB_Device_Library/Class/HID/Src/usbd_hid.o
 .text.USBD_HID_GetFSCfgDesc
                0x0000000008008388       0x20 Middlewares/ST/STM32_USB_Device_Library/Class/HID/Src/usbd_hid.o
 .text.USBD_HID_GetHSCfgDesc
                0x00000000080083a8       0x20 Middlewares/ST/STM32_USB_Device_Library/Class/HID/Src/usbd_hid.o
 .text.USBD_HID_GetOtherSpeedCfgDesc
                0x00000000080083c8       0x20 Middlewares/ST/STM32_USB_Device_Library/Class/HID/Src/usbd_hid.o
 .text.USBD_HID_DataIn
                0x00000000080083e8       0x22 Middlewares/ST/STM32_USB_Device_Library/Class/HID/Src/usbd_hid.o
 *fill*         0x000000000800840a        0x2 
 .text.USBD_HID_GetDeviceQualifierDesc
                0x000000000800840c       0x20 Middlewares/ST/STM32_USB_Device_Library/Class/HID/Src/usbd_hid.o
 .text.USBD_Init
                0x000000000800842c       0x56 Middlewares/ST/STM32_USB_Device_Library/Core/Src/usbd_core.o
                0x000000000800842c                USBD_Init
 .text.USBD_RegisterClass
                0x0000000008008482       0x32 Middlewares/ST/STM32_USB_Device_Library/Core/Src/usbd_core.o
                0x0000000008008482                USBD_RegisterClass
 .text.USBD_Start
                0x00000000080084b4       0x18 Middlewares/ST/STM32_USB_Device_Library/Core/Src/usbd_core.o
                0x00000000080084b4                USBD_Start
 .text.USBD_RunTestMode
                0x00000000080084cc       0x14 Middlewares/ST/STM32_USB_Device_Library/Core/Src/usbd_core.o
                0x00000000080084cc                USBD_RunTestMode
 .text.USBD_SetClassConfig
                0x00000000080084e0       0x3e Middlewares/ST/STM32_USB_Device_Library/Core/Src/usbd_core.o
                0x00000000080084e0                USBD_SetClassConfig
 .text.USBD_ClrClassConfig
                0x000000000800851e       0x26 Middlewares/ST/STM32_USB_Device_Library/Core/Src/usbd_core.o
                0x000000000800851e                USBD_ClrClassConfig
 .text.USBD_LL_SetupStage
                0x0000000008008544       0x9a Middlewares/ST/STM32_USB_Device_Library/Core/Src/usbd_core.o
                0x0000000008008544                USBD_LL_SetupStage
 .text.USBD_LL_DataOutStage
                0x00000000080085de       0xe2 Middlewares/ST/STM32_USB_Device_Library/Core/Src/usbd_core.o
                0x00000000080085de                USBD_LL_DataOutStage
 .text.USBD_LL_DataInStage
                0x00000000080086c0      0x14a Middlewares/ST/STM32_USB_Device_Library/Core/Src/usbd_core.o
                0x00000000080086c0                USBD_LL_DataInStage
 .text.USBD_LL_Reset
                0x000000000800880a       0x82 Middlewares/ST/STM32_USB_Device_Library/Core/Src/usbd_core.o
                0x000000000800880a                USBD_LL_Reset
 .text.USBD_LL_SetSpeed
                0x000000000800888c       0x1e Middlewares/ST/STM32_USB_Device_Library/Core/Src/usbd_core.o
                0x000000000800888c                USBD_LL_SetSpeed
 .text.USBD_LL_Suspend
                0x00000000080088aa       0x28 Middlewares/ST/STM32_USB_Device_Library/Core/Src/usbd_core.o
                0x00000000080088aa                USBD_LL_Suspend
 .text.USBD_LL_Resume
                0x00000000080088d2       0x2a Middlewares/ST/STM32_USB_Device_Library/Core/Src/usbd_core.o
                0x00000000080088d2                USBD_LL_Resume
 .text.USBD_LL_SOF
                0x00000000080088fc       0x34 Middlewares/ST/STM32_USB_Device_Library/Core/Src/usbd_core.o
                0x00000000080088fc                USBD_LL_SOF
 .text.USBD_StdDevReq
                0x0000000008008930       0xd4 Middlewares/ST/STM32_USB_Device_Library/Core/Src/usbd_ctlreq.o
                0x0000000008008930                USBD_StdDevReq
 .text.USBD_StdItfReq
                0x0000000008008a04       0x90 Middlewares/ST/STM32_USB_Device_Library/Core/Src/usbd_ctlreq.o
                0x0000000008008a04                USBD_StdItfReq
 .text.USBD_StdEPReq
                0x0000000008008a94      0x2c6 Middlewares/ST/STM32_USB_Device_Library/Core/Src/usbd_ctlreq.o
                0x0000000008008a94                USBD_StdEPReq
 *fill*         0x0000000008008d5a        0x2 
 .text.USBD_GetDescriptor
                0x0000000008008d5c      0x2d0 Middlewares/ST/STM32_USB_Device_Library/Core/Src/usbd_ctlreq.o
 .text.USBD_SetAddress
                0x000000000800902c       0x86 Middlewares/ST/STM32_USB_Device_Library/Core/Src/usbd_ctlreq.o
 *fill*         0x00000000080090b2        0x2 
 .text.USBD_SetConfig
                0x00000000080090b4      0x11c Middlewares/ST/STM32_USB_Device_Library/Core/Src/usbd_ctlreq.o
 .text.USBD_GetConfig
                0x00000000080091d0       0x6a Middlewares/ST/STM32_USB_Device_Library/Core/Src/usbd_ctlreq.o
 .text.USBD_GetStatus
                0x000000000800923a       0x66 Middlewares/ST/STM32_USB_Device_Library/Core/Src/usbd_ctlreq.o
 .text.USBD_SetFeature
                0x00000000080092a0       0x28 Middlewares/ST/STM32_USB_Device_Library/Core/Src/usbd_ctlreq.o
 .text.USBD_ClrFeature
                0x00000000080092c8       0x42 Middlewares/ST/STM32_USB_Device_Library/Core/Src/usbd_ctlreq.o
 .text.USBD_ParseSetupRequest
                0x000000000800930a       0x78 Middlewares/ST/STM32_USB_Device_Library/Core/Src/usbd_ctlreq.o
                0x000000000800930a                USBD_ParseSetupRequest
 .text.USBD_CtlError
                0x0000000008009382       0x22 Middlewares/ST/STM32_USB_Device_Library/Core/Src/usbd_ctlreq.o
                0x0000000008009382                USBD_CtlError
 .text.USBD_GetString
                0x00000000080093a4       0x84 Middlewares/ST/STM32_USB_Device_Library/Core/Src/usbd_ctlreq.o
                0x00000000080093a4                USBD_GetString
 .text.USBD_GetLen
                0x0000000008009428       0x2e Middlewares/ST/STM32_USB_Device_Library/Core/Src/usbd_ctlreq.o
 .text.USBD_CtlSendData
                0x0000000008009456       0x38 Middlewares/ST/STM32_USB_Device_Library/Core/Src/usbd_ioreq.o
                0x0000000008009456                USBD_CtlSendData
 .text.USBD_CtlContinueSendData
                0x000000000800948e       0x24 Middlewares/ST/STM32_USB_Device_Library/Core/Src/usbd_ioreq.o
                0x000000000800948e                USBD_CtlContinueSendData
 .text.USBD_CtlContinueRx
                0x00000000080094b2       0x24 Middlewares/ST/STM32_USB_Device_Library/Core/Src/usbd_ioreq.o
                0x00000000080094b2                USBD_CtlContinueRx
 .text.USBD_CtlSendStatus
                0x00000000080094d6       0x26 Middlewares/ST/STM32_USB_Device_Library/Core/Src/usbd_ioreq.o
                0x00000000080094d6                USBD_CtlSendStatus
 .text.USBD_CtlReceiveStatus
                0x00000000080094fc       0x26 Middlewares/ST/STM32_USB_Device_Library/Core/Src/usbd_ioreq.o
                0x00000000080094fc                USBD_CtlReceiveStatus
 *fill*         0x0000000008009522        0x2 
 .text.MX_USB_DEVICE_Init
                0x0000000008009524       0x4c USB_DEVICE/App/usb_device.o
                0x0000000008009524                MX_USB_DEVICE_Init
 .text.USBD_FS_DeviceDescriptor
                0x0000000008009570       0x24 USB_DEVICE/App/usbd_desc.o
                0x0000000008009570                USBD_FS_DeviceDescriptor
 .text.USBD_FS_LangIDStrDescriptor
                0x0000000008009594       0x24 USB_DEVICE/App/usbd_desc.o
                0x0000000008009594                USBD_FS_LangIDStrDescriptor
 .text.USBD_FS_ProductStrDescriptor
                0x00000000080095b8       0x3c USB_DEVICE/App/usbd_desc.o
                0x00000000080095b8                USBD_FS_ProductStrDescriptor
 .text.USBD_FS_ManufacturerStrDescriptor
                0x00000000080095f4       0x28 USB_DEVICE/App/usbd_desc.o
                0x00000000080095f4                USBD_FS_ManufacturerStrDescriptor
 .text.USBD_FS_SerialStrDescriptor
                0x000000000800961c       0x24 USB_DEVICE/App/usbd_desc.o
                0x000000000800961c                USBD_FS_SerialStrDescriptor
 .text.USBD_FS_ConfigStrDescriptor
                0x0000000008009640       0x3c USB_DEVICE/App/usbd_desc.o
                0x0000000008009640                USBD_FS_ConfigStrDescriptor
 .text.USBD_FS_InterfaceStrDescriptor
                0x000000000800967c       0x3c USB_DEVICE/App/usbd_desc.o
                0x000000000800967c                USBD_FS_InterfaceStrDescriptor
 .text.Get_SerialNum
                0x00000000080096b8       0x58 USB_DEVICE/App/usbd_desc.o
 .text.IntToUnicode
                0x0000000008009710       0x7c USB_DEVICE/App/usbd_desc.o
 .text.HAL_PCD_MspInit
                0x000000000800978c       0x5c USB_DEVICE/Target/usbd_conf.o
                0x000000000800978c                HAL_PCD_MspInit
 .text.HAL_PCD_SetupStageCallback
                0x00000000080097e8       0x24 USB_DEVICE/Target/usbd_conf.o
                0x00000000080097e8                HAL_PCD_SetupStageCallback
 .text.HAL_PCD_DataOutStageCallback
                0x000000000800980c       0x36 USB_DEVICE/Target/usbd_conf.o
                0x000000000800980c                HAL_PCD_DataOutStageCallback
 .text.HAL_PCD_DataInStageCallback
                0x0000000008009842       0x34 USB_DEVICE/Target/usbd_conf.o
                0x0000000008009842                HAL_PCD_DataInStageCallback
 .text.HAL_PCD_SOFCallback
                0x0000000008009876       0x1c USB_DEVICE/Target/usbd_conf.o
                0x0000000008009876                HAL_PCD_SOFCallback
 .text.HAL_PCD_ResetCallback
                0x0000000008009892       0x3c USB_DEVICE/Target/usbd_conf.o
                0x0000000008009892                HAL_PCD_ResetCallback
 *fill*         0x00000000080098ce        0x2 
 .text.HAL_PCD_SuspendCallback
                0x00000000080098d0       0x34 USB_DEVICE/Target/usbd_conf.o
                0x00000000080098d0                HAL_PCD_SuspendCallback
 .text.HAL_PCD_ResumeCallback
                0x0000000008009904       0x1c USB_DEVICE/Target/usbd_conf.o
                0x0000000008009904                HAL_PCD_ResumeCallback
 .text.USBD_LL_Init
                0x0000000008009920       0x90 USB_DEVICE/Target/usbd_conf.o
                0x0000000008009920                USBD_LL_Init
 .text.USBD_LL_Start
                0x00000000080099b0       0x36 USB_DEVICE/Target/usbd_conf.o
                0x00000000080099b0                USBD_LL_Start
 .text.USBD_LL_OpenEP
                0x00000000080099e6       0x4c USB_DEVICE/Target/usbd_conf.o
                0x00000000080099e6                USBD_LL_OpenEP
 .text.USBD_LL_CloseEP
                0x0000000008009a32       0x3e USB_DEVICE/Target/usbd_conf.o
                0x0000000008009a32                USBD_LL_CloseEP
 .text.USBD_LL_StallEP
                0x0000000008009a70       0x3e USB_DEVICE/Target/usbd_conf.o
                0x0000000008009a70                USBD_LL_StallEP
 .text.USBD_LL_ClearStallEP
                0x0000000008009aae       0x3e USB_DEVICE/Target/usbd_conf.o
                0x0000000008009aae                USBD_LL_ClearStallEP
 .text.USBD_LL_IsStallEP
                0x0000000008009aec       0x58 USB_DEVICE/Target/usbd_conf.o
                0x0000000008009aec                USBD_LL_IsStallEP
 .text.USBD_LL_SetUSBAddress
                0x0000000008009b44       0x3e USB_DEVICE/Target/usbd_conf.o
                0x0000000008009b44                USBD_LL_SetUSBAddress
 .text.USBD_LL_Transmit
                0x0000000008009b82       0x46 USB_DEVICE/Target/usbd_conf.o
                0x0000000008009b82                USBD_LL_Transmit
 .text.USBD_LL_PrepareReceive
                0x0000000008009bc8       0x46 USB_DEVICE/Target/usbd_conf.o
                0x0000000008009bc8                USBD_LL_PrepareReceive
 *fill*         0x0000000008009c0e        0x2 
 .text.USBD_static_malloc
                0x0000000008009c10       0x18 USB_DEVICE/Target/usbd_conf.o
                0x0000000008009c10                USBD_static_malloc
 .text.USBD_static_free
                0x0000000008009c28       0x12 USB_DEVICE/Target/usbd_conf.o
                0x0000000008009c28                USBD_static_free
 .text.HAL_PCDEx_SetConnectionState
                0x0000000008009c3a       0x16 USB_DEVICE/Target/usbd_conf.o
                0x0000000008009c3a                HAL_PCDEx_SetConnectionState
 .text.USBD_Get_USB_Status
                0x0000000008009c50       0x58 USB_DEVICE/Target/usbd_conf.o
 .text.__errno  0x0000000008009ca8        0xc c:/st/stm32cubeide_1.6.1/stm32cubeide/plugins/com.st.stm32cube.ide.mcu.externaltools.gnu-tools-for-stm32.9-2020-q2-update.win32_1.5.0.202011040924/tools/bin/../lib/gcc/arm-none-eabi/9.3.1/../../../../arm-none-eabi/lib/thumb/v7-m/nofp\libc_nano.a(lib_a-errno.o)
                0x0000000008009ca8                __errno
 .text.__libc_init_array
                0x0000000008009cb4       0x48 c:/st/stm32cubeide_1.6.1/stm32cubeide/plugins/com.st.stm32cube.ide.mcu.externaltools.gnu-tools-for-stm32.9-2020-q2-update.win32_1.5.0.202011040924/tools/bin/../lib/gcc/arm-none-eabi/9.3.1/../../../../arm-none-eabi/lib/thumb/v7-m/nofp\libc_nano.a(lib_a-init.o)
                0x0000000008009cb4                __libc_init_array
 .text.memset   0x0000000008009cfc       0x10 c:/st/stm32cubeide_1.6.1/stm32cubeide/plugins/com.st.stm32cube.ide.mcu.externaltools.gnu-tools-for-stm32.9-2020-q2-update.win32_1.5.0.202011040924/tools/bin/../lib/gcc/arm-none-eabi/9.3.1/../../../../arm-none-eabi/lib/thumb/v7-m/nofp\libc_nano.a(lib_a-memset.o)
                0x0000000008009cfc                memset
 .text.log      0x0000000008009d0c       0x74 c:/st/stm32cubeide_1.6.1/stm32cubeide/plugins/com.st.stm32cube.ide.mcu.externaltools.gnu-tools-for-stm32.9-2020-q2-update.win32_1.5.0.202011040924/tools/bin/../lib/gcc/arm-none-eabi/9.3.1/../../../../arm-none-eabi/lib/thumb/v7-m/nofp\libm.a(lib_a-w_log.o)
                0x0000000008009d0c                log
 .text.__ieee754_log
                0x0000000008009d80      0x364 c:/st/stm32cubeide_1.6.1/stm32cubeide/plugins/com.st.stm32cube.ide.mcu.externaltools.gnu-tools-for-stm32.9-2020-q2-update.win32_1.5.0.202011040924/tools/bin/../lib/gcc/arm-none-eabi/9.3.1/../../../../arm-none-eabi/lib/thumb/v7-m/nofp\libm.a(lib_a-e_log.o)
                0x0000000008009d80                __ieee754_log
 .text.nan      0x000000000800a0e4        0xc c:/st/stm32cubeide_1.6.1/stm32cubeide/plugins/com.st.stm32cube.ide.mcu.externaltools.gnu-tools-for-stm32.9-2020-q2-update.win32_1.5.0.202011040924/tools/bin/../lib/gcc/arm-none-eabi/9.3.1/../../../../arm-none-eabi/lib/thumb/v7-m/nofp\libm.a(lib_a-s_nan.o)
                0x000000000800a0e4                nan
 *(.glue_7)
 .glue_7        0x000000000800a0f0        0x0 linker stubs
 *(.glue_7t)
 .glue_7t       0x000000000800a0f0        0x0 linker stubs
 *(.eh_frame)
 .eh_frame      0x000000000800a0f0        0x0 c:/st/stm32cubeide_1.6.1/stm32cubeide/plugins/com.st.stm32cube.ide.mcu.externaltools.gnu-tools-for-stm32.9-2020-q2-update.win32_1.5.0.202011040924/tools/bin/../lib/gcc/arm-none-eabi/9.3.1/thumb/v7-m/nofp/crtbegin.o
 *(.init)
 .init          0x000000000800a0f0        0x4 c:/st/stm32cubeide_1.6.1/stm32cubeide/plugins/com.st.stm32cube.ide.mcu.externaltools.gnu-tools-for-stm32.9-2020-q2-update.win32_1.5.0.202011040924/tools/bin/../lib/gcc/arm-none-eabi/9.3.1/thumb/v7-m/nofp/crti.o
                0x000000000800a0f0                _init
 .init          0x000000000800a0f4        0x8 c:/st/stm32cubeide_1.6.1/stm32cubeide/plugins/com.st.stm32cube.ide.mcu.externaltools.gnu-tools-for-stm32.9-2020-q2-update.win32_1.5.0.202011040924/tools/bin/../lib/gcc/arm-none-eabi/9.3.1/thumb/v7-m/nofp/crtn.o
 *(.fini)
 .fini          0x000000000800a0fc        0x4 c:/st/stm32cubeide_1.6.1/stm32cubeide/plugins/com.st.stm32cube.ide.mcu.externaltools.gnu-tools-for-stm32.9-2020-q2-update.win32_1.5.0.202011040924/tools/bin/../lib/gcc/arm-none-eabi/9.3.1/thumb/v7-m/nofp/crti.o
                0x000000000800a0fc                _fini
 .fini          0x000000000800a100        0x8 c:/st/stm32cubeide_1.6.1/stm32cubeide/plugins/com.st.stm32cube.ide.mcu.externaltools.gnu-tools-for-stm32.9-2020-q2-update.win32_1.5.0.202011040924/tools/bin/../lib/gcc/arm-none-eabi/9.3.1/thumb/v7-m/nofp/crtn.o
                0x000000000800a108                . = ALIGN (0x4)
                0x000000000800a108                _etext = .

.vfp11_veneer   0x000000000800a108        0x0
 .vfp11_veneer  0x000000000800a108        0x0 linker stubs

.v4_bx          0x000000000800a108        0x0
 .v4_bx         0x000000000800a108        0x0 linker stubs

.iplt           0x000000000800a108        0x0
 .iplt          0x000000000800a108        0x0 c:/st/stm32cubeide_1.6.1/stm32cubeide/plugins/com.st.stm32cube.ide.mcu.externaltools.gnu-tools-for-stm32.9-2020-q2-update.win32_1.5.0.202011040924/tools/bin/../lib/gcc/arm-none-eabi/9.3.1/thumb/v7-m/nofp/crtbegin.o

.rodata         0x000000000800a108       0xb4
                0x000000000800a108                . = ALIGN (0x4)
 *(.rodata)
 .rodata        0x000000000800a108       0x10 Drivers/STM32F1xx_HAL_Driver/Src/stm32f1xx_hal_rcc.o
 .rodata        0x000000000800a118       0x3e USB_DEVICE/App/usbd_desc.o
 *(.rodata*)
 *fill*         0x000000000800a156        0x2 
 .rodata.AHBPrescTable
                0x000000000800a158       0x10 Core/Src/system_stm32f1xx.o
                0x000000000800a158                AHBPrescTable
 .rodata.APBPrescTable
                0x000000000800a168        0x8 Core/Src/system_stm32f1xx.o
                0x000000000800a168                APBPrescTable
 .rodata.vtable.7100
                0x000000000800a170       0x14 Core/api/eeprom/at24c.o
 .rodata.vtable.6180
                0x000000000800a184       0x14 Core/api/eeprom.o
 .rodata.vtable.6890
                0x000000000800a198       0x10 Core/api/imu.o
 .rodata.vtable.6899
                0x000000000800a1a8       0x10 Core/api/imu/mpu_6050.o
 .rodata.log.str1.1
                0x000000000800a1b8        0x1 c:/st/stm32cubeide_1.6.1/stm32cubeide/plugins/com.st.stm32cube.ide.mcu.externaltools.gnu-tools-for-stm32.9-2020-q2-update.win32_1.5.0.202011040924/tools/bin/../lib/gcc/arm-none-eabi/9.3.1/../../../../arm-none-eabi/lib/thumb/v7-m/nofp\libm.a(lib_a-w_log.o)
                0x000000000800a1bc                . = ALIGN (0x4)
 *fill*         0x000000000800a1b9        0x3 

.rel.dyn        0x000000000800a1bc        0x0
 .rel.iplt      0x000000000800a1bc        0x0 c:/st/stm32cubeide_1.6.1/stm32cubeide/plugins/com.st.stm32cube.ide.mcu.externaltools.gnu-tools-for-stm32.9-2020-q2-update.win32_1.5.0.202011040924/tools/bin/../lib/gcc/arm-none-eabi/9.3.1/thumb/v7-m/nofp/crtbegin.o

.ARM.extab      0x000000000800a1bc        0x0
                0x000000000800a1bc                . = ALIGN (0x4)
 *(.ARM.extab* .gnu.linkonce.armextab.*)
                0x000000000800a1bc                . = ALIGN (0x4)

.ARM            0x000000000800a1bc        0x0
                0x000000000800a1bc                . = ALIGN (0x4)
                0x000000000800a1bc                __exidx_start = .
 *(.ARM.exidx*)
                0x000000000800a1bc                __exidx_end = .
                0x000000000800a1bc                . = ALIGN (0x4)

.preinit_array  0x000000000800a1bc        0x0
                0x000000000800a1bc                . = ALIGN (0x4)
                0x000000000800a1bc                PROVIDE (__preinit_array_start = .)
 *(.preinit_array*)
                0x000000000800a1bc                PROVIDE (__preinit_array_end = .)
                0x000000000800a1bc                . = ALIGN (0x4)

.init_array     0x000000000800a1bc        0x4
                0x000000000800a1bc                . = ALIGN (0x4)
                0x000000000800a1bc                PROVIDE (__init_array_start = .)
 *(SORT_BY_NAME(.init_array.*))
 *(.init_array*)
 .init_array    0x000000000800a1bc        0x4 c:/st/stm32cubeide_1.6.1/stm32cubeide/plugins/com.st.stm32cube.ide.mcu.externaltools.gnu-tools-for-stm32.9-2020-q2-update.win32_1.5.0.202011040924/tools/bin/../lib/gcc/arm-none-eabi/9.3.1/thumb/v7-m/nofp/crtbegin.o
                0x000000000800a1c0                PROVIDE (__init_array_end = .)
                0x000000000800a1c0                . = ALIGN (0x4)

.fini_array     0x000000000800a1c0        0x4
                0x000000000800a1c0                . = ALIGN (0x4)
                [!provide]                        PROVIDE (__fini_array_start = .)
 *(SORT_BY_NAME(.fini_array.*))
 *(.fini_array*)
 .fini_array    0x000000000800a1c0        0x4 c:/st/stm32cubeide_1.6.1/stm32cubeide/plugins/com.st.stm32cube.ide.mcu.externaltools.gnu-tools-for-stm32.9-2020-q2-update.win32_1.5.0.202011040924/tools/bin/../lib/gcc/arm-none-eabi/9.3.1/thumb/v7-m/nofp/crtbegin.o
                [!provide]                        PROVIDE (__fini_array_end = .)
                0x000000000800a1c4                . = ALIGN (0x4)
                0x000000000800a1c4                _sidata = LOADADDR (.data)

.data           0x0000000020000000      0x1d8 load address 0x000000000800a1c4
                0x0000000020000000                . = ALIGN (0x4)
                0x0000000020000000                _sdata = .
 *(.data)
 *(.data*)
 .data.dataw1   0x0000000020000000        0xa Core/Src/main.o
                0x0000000020000000                dataw1
 *fill*         0x000000002000000a        0x2 
 .data.SystemCoreClock
                0x000000002000000c        0x4 Core/Src/system_stm32f1xx.o
                0x000000002000000c                SystemCoreClock
 .data.uwTickPrio
                0x0000000020000010        0x4 Drivers/STM32F1xx_HAL_Driver/Src/stm32f1xx_hal.o
                0x0000000020000010                uwTickPrio
 .data.uwTickFreq
                0x0000000020000014        0x1 Drivers/STM32F1xx_HAL_Driver/Src/stm32f1xx_hal.o
                0x0000000020000014                uwTickFreq
 *fill*         0x0000000020000015        0x3 
 .data.USBD_HID
                0x0000000020000018       0x38 Middlewares/ST/STM32_USB_Device_Library/Class/HID/Src/usbd_hid.o
                0x0000000020000018                USBD_HID
 .data.USBD_HID_CfgFSDesc
                0x0000000020000050       0x22 Middlewares/ST/STM32_USB_Device_Library/Class/HID/Src/usbd_hid.o
 *fill*         0x0000000020000072        0x2 
 .data.USBD_HID_CfgHSDesc
                0x0000000020000074       0x22 Middlewares/ST/STM32_USB_Device_Library/Class/HID/Src/usbd_hid.o
 *fill*         0x0000000020000096        0x2 
 .data.USBD_HID_OtherSpeedCfgDesc
                0x0000000020000098       0x22 Middlewares/ST/STM32_USB_Device_Library/Class/HID/Src/usbd_hid.o
 *fill*         0x00000000200000ba        0x2 
 .data.USBD_HID_Desc
                0x00000000200000bc        0x9 Middlewares/ST/STM32_USB_Device_Library/Class/HID/Src/usbd_hid.o
 *fill*         0x00000000200000c5        0x3 
 .data.USBD_HID_DeviceQualifierDesc
                0x00000000200000c8        0xa Middlewares/ST/STM32_USB_Device_Library/Class/HID/Src/usbd_hid.o
 *fill*         0x00000000200000d2        0x2 
 .data.HID_MOUSE_ReportDesc
                0x00000000200000d4       0x4a Middlewares/ST/STM32_USB_Device_Library/Class/HID/Src/usbd_hid.o
 *fill*         0x000000002000011e        0x2 
 .data.FS_Desc  0x0000000020000120       0x1c USB_DEVICE/App/usbd_desc.o
                0x0000000020000120                FS_Desc
 .data.USBD_FS_DeviceDesc
                0x000000002000013c       0x12 USB_DEVICE/App/usbd_desc.o
                0x000000002000013c                USBD_FS_DeviceDesc
 *fill*         0x000000002000014e        0x2 
 .data.USBD_LangIDDesc
                0x0000000020000150        0x4 USB_DEVICE/App/usbd_desc.o
                0x0000000020000150                USBD_LangIDDesc
 .data.USBD_StringSerial
                0x0000000020000154       0x1a USB_DEVICE/App/usbd_desc.o
                0x0000000020000154                USBD_StringSerial
 *fill*         0x000000002000016e        0x2 
 .data._impure_ptr
                0x0000000020000170        0x4 c:/st/stm32cubeide_1.6.1/stm32cubeide/plugins/com.st.stm32cube.ide.mcu.externaltools.gnu-tools-for-stm32.9-2020-q2-update.win32_1.5.0.202011040924/tools/bin/../lib/gcc/arm-none-eabi/9.3.1/../../../../arm-none-eabi/lib/thumb/v7-m/nofp\libc_nano.a(lib_a-impure.o)
                0x0000000020000170                _impure_ptr
 .data.impure_data
                0x0000000020000174       0x60 c:/st/stm32cubeide_1.6.1/stm32cubeide/plugins/com.st.stm32cube.ide.mcu.externaltools.gnu-tools-for-stm32.9-2020-q2-update.win32_1.5.0.202011040924/tools/bin/../lib/gcc/arm-none-eabi/9.3.1/../../../../arm-none-eabi/lib/thumb/v7-m/nofp\libc_nano.a(lib_a-impure.o)
 .data.__fdlib_version
                0x00000000200001d4        0x1 c:/st/stm32cubeide_1.6.1/stm32cubeide/plugins/com.st.stm32cube.ide.mcu.externaltools.gnu-tools-for-stm32.9-2020-q2-update.win32_1.5.0.202011040924/tools/bin/../lib/gcc/arm-none-eabi/9.3.1/../../../../arm-none-eabi/lib/thumb/v7-m/nofp\libm.a(lib_a-s_lib_ver.o)
                0x00000000200001d4                __fdlib_version
 *(.RamFunc)
 *(.RamFunc*)
                0x00000000200001d8                . = ALIGN (0x4)
 *fill*         0x00000000200001d5        0x3 
                0x00000000200001d8                _edata = .

.igot.plt       0x00000000200001d8        0x0 load address 0x000000000800a39c
 .igot.plt      0x00000000200001d8        0x0 c:/st/stm32cubeide_1.6.1/stm32cubeide/plugins/com.st.stm32cube.ide.mcu.externaltools.gnu-tools-for-stm32.9-2020-q2-update.win32_1.5.0.202011040924/tools/bin/../lib/gcc/arm-none-eabi/9.3.1/thumb/v7-m/nofp/crtbegin.o
                0x00000000200001d8                . = ALIGN (0x4)

.bss            0x00000000200001d8      0xa54 load address 0x000000000800a39c
                0x00000000200001d8                _sbss = .
                0x00000000200001d8                __bss_start__ = _sbss
 *(.bss)
 .bss           0x00000000200001d8       0x1c c:/st/stm32cubeide_1.6.1/stm32cubeide/plugins/com.st.stm32cube.ide.mcu.externaltools.gnu-tools-for-stm32.9-2020-q2-update.win32_1.5.0.202011040924/tools/bin/../lib/gcc/arm-none-eabi/9.3.1/thumb/v7-m/nofp/crtbegin.o
 *(.bss*)
 .bss.cfgidx.8086
                0x00000000200001f4        0x1 Middlewares/ST/STM32_USB_Device_Library/Core/Src/usbd_ctlreq.o
 *fill*         0x00000000200001f5        0x3 
 .bss.mem.8128  0x00000000200001f8       0x14 USB_DEVICE/Target/usbd_conf.o
 *(COMMON)
 COMMON         0x000000002000020c       0x74 Core/Src/adc.o
                0x000000002000020c                hadc1
                0x000000002000023c                hdma_adc1
 COMMON         0x0000000020000280       0x54 Core/Src/i2c.o
                0x0000000020000280                hi2c1
 COMMON         0x00000000200002d4      0x10c Core/Src/main.o
                0x00000000200002d4                timer
                0x00000000200002d8                values
                0x00000000200002e0                data_r
 COMMON         0x00000000200003e0        0x4 Core/api/eeprom/at24c.o
                0x00000000200003e0                bytes_temp
 *fill*         0x00000000200003e4        0x4 
 COMMON         0x00000000200003e8       0x90 Core/bsp/bsp.o
                0x00000000200003e8                eeprom2
                0x00000000200003f8                eeprom3
                0x0000000020000408                imu1
 COMMON         0x0000000020000478        0x4 Drivers/STM32F1xx_HAL_Driver/Src/stm32f1xx_hal.o
                0x0000000020000478                uwTick
 COMMON         0x000000002000047c      0x2c4 USB_DEVICE/App/usb_device.o
                0x000000002000047c                hUsbDeviceFS
 COMMON         0x0000000020000740      0x200 USB_DEVICE/App/usbd_desc.o
                0x0000000020000740                USBD_StrDesc
 COMMON         0x0000000020000940      0x2ec USB_DEVICE/Target/usbd_conf.o
                0x0000000020000940                hpcd_USB_FS
                0x0000000020000c2c                . = ALIGN (0x4)
                0x0000000020000c2c                _ebss = .
                0x0000000020000c2c                __bss_end__ = _ebss

._user_heap_stack
                0x0000000020000c2c      0x604 load address 0x000000000800a39c
                0x0000000020000c30                . = ALIGN (0x8)
 *fill*         0x0000000020000c2c        0x4 
                [!provide]                        PROVIDE (end = .)
                0x0000000020000c30                PROVIDE (_end = .)
                0x0000000020000e30                . = (. + _Min_Heap_Size)
 *fill*         0x0000000020000c30      0x200 
                0x0000000020001230                . = (. + _Min_Stack_Size)
 *fill*         0x0000000020000e30      0x400 
                0x0000000020001230                . = ALIGN (0x8)

/DISCARD/
 libc.a(*)
 libm.a(*)
 libgcc.a(*)

.ARM.attributes
                0x0000000000000000       0x29
 *(.ARM.attributes)
 .ARM.attributes
                0x0000000000000000       0x1d c:/st/stm32cubeide_1.6.1/stm32cubeide/plugins/com.st.stm32cube.ide.mcu.externaltools.gnu-tools-for-stm32.9-2020-q2-update.win32_1.5.0.202011040924/tools/bin/../lib/gcc/arm-none-eabi/9.3.1/thumb/v7-m/nofp/crti.o
 .ARM.attributes
                0x000000000000001d       0x2d c:/st/stm32cubeide_1.6.1/stm32cubeide/plugins/com.st.stm32cube.ide.mcu.externaltools.gnu-tools-for-stm32.9-2020-q2-update.win32_1.5.0.202011040924/tools/bin/../lib/gcc/arm-none-eabi/9.3.1/thumb/v7-m/nofp/crtbegin.o
 .ARM.attributes
                0x000000000000004a       0x2d Core/Src/adc.o
 .ARM.attributes
                0x0000000000000077       0x2d Core/Src/dma.o
 .ARM.attributes
                0x00000000000000a4       0x2d Core/Src/gpio.o
 .ARM.attributes
                0x00000000000000d1       0x2d Core/Src/i2c.o
 .ARM.attributes
                0x00000000000000fe       0x2d Core/Src/main.o
 .ARM.attributes
                0x000000000000012b       0x2d Core/Src/stm32f1xx_hal_msp.o
 .ARM.attributes
                0x0000000000000158       0x2d Core/Src/stm32f1xx_it.o
 .ARM.attributes
                0x0000000000000185       0x2d Core/Src/system_stm32f1xx.o
 .ARM.attributes
                0x00000000000001b2       0x21 Core/Startup/startup_stm32f103c8tx.o
 .ARM.attributes
                0x00000000000001d3       0x2d Core/api/eeprom/at24c.o
 .ARM.attributes
                0x0000000000000200       0x2d Core/api/eeprom.o
 .ARM.attributes
                0x000000000000022d       0x2d Core/api/imu.o
 .ARM.attributes
                0x000000000000025a       0x2d Core/api/imu/mpu_6050.o
 .ARM.attributes
                0x0000000000000287       0x2d Core/bsp/bsp.o
 .ARM.attributes
                0x00000000000002b4       0x2d Drivers/STM32F1xx_HAL_Driver/Src/stm32f1xx_hal.o
 .ARM.attributes
                0x00000000000002e1       0x2d Drivers/STM32F1xx_HAL_Driver/Src/stm32f1xx_hal_adc.o
 .ARM.attributes
                0x000000000000030e       0x2d Drivers/STM32F1xx_HAL_Driver/Src/stm32f1xx_hal_cortex.o
 .ARM.attributes
                0x000000000000033b       0x2d Drivers/STM32F1xx_HAL_Driver/Src/stm32f1xx_hal_dma.o
 .ARM.attributes
                0x0000000000000368       0x2d Drivers/STM32F1xx_HAL_Driver/Src/stm32f1xx_hal_gpio.o
 .ARM.attributes
                0x0000000000000395       0x2d Drivers/STM32F1xx_HAL_Driver/Src/stm32f1xx_hal_i2c.o
 .ARM.attributes
                0x00000000000003c2       0x2d Drivers/STM32F1xx_HAL_Driver/Src/stm32f1xx_hal_pcd.o
 .ARM.attributes
                0x00000000000003ef       0x2d Drivers/STM32F1xx_HAL_Driver/Src/stm32f1xx_hal_pcd_ex.o
 .ARM.attributes
                0x000000000000041c       0x2d Drivers/STM32F1xx_HAL_Driver/Src/stm32f1xx_hal_rcc.o
 .ARM.attributes
                0x0000000000000449       0x2d Drivers/STM32F1xx_HAL_Driver/Src/stm32f1xx_hal_rcc_ex.o
 .ARM.attributes
                0x0000000000000476       0x2d Drivers/STM32F1xx_HAL_Driver/Src/stm32f1xx_ll_usb.o
 .ARM.attributes
                0x00000000000004a3       0x2d Middlewares/ST/STM32_USB_Device_Library/Class/HID/Src/usbd_hid.o
 .ARM.attributes
                0x00000000000004d0       0x2d Middlewares/ST/STM32_USB_Device_Library/Core/Src/usbd_core.o
 .ARM.attributes
                0x00000000000004fd       0x2d Middlewares/ST/STM32_USB_Device_Library/Core/Src/usbd_ctlreq.o
 .ARM.attributes
                0x000000000000052a       0x2d Middlewares/ST/STM32_USB_Device_Library/Core/Src/usbd_ioreq.o
 .ARM.attributes
                0x0000000000000557       0x2d USB_DEVICE/App/usb_device.o
 .ARM.attributes
                0x0000000000000584       0x2d USB_DEVICE/App/usbd_desc.o
 .ARM.attributes
                0x00000000000005b1       0x2d USB_DEVICE/Target/usbd_conf.o
 .ARM.attributes
                0x00000000000005de       0x2d c:/st/stm32cubeide_1.6.1/stm32cubeide/plugins/com.st.stm32cube.ide.mcu.externaltools.gnu-tools-for-stm32.9-2020-q2-update.win32_1.5.0.202011040924/tools/bin/../lib/gcc/arm-none-eabi/9.3.1/../../../../arm-none-eabi/lib/thumb/v7-m/nofp\libc_nano.a(lib_a-errno.o)
 .ARM.attributes
                0x000000000000060b       0x2d c:/st/stm32cubeide_1.6.1/stm32cubeide/plugins/com.st.stm32cube.ide.mcu.externaltools.gnu-tools-for-stm32.9-2020-q2-update.win32_1.5.0.202011040924/tools/bin/../lib/gcc/arm-none-eabi/9.3.1/../../../../arm-none-eabi/lib/thumb/v7-m/nofp\libc_nano.a(lib_a-impure.o)
 .ARM.attributes
                0x0000000000000638       0x2d c:/st/stm32cubeide_1.6.1/stm32cubeide/plugins/com.st.stm32cube.ide.mcu.externaltools.gnu-tools-for-stm32.9-2020-q2-update.win32_1.5.0.202011040924/tools/bin/../lib/gcc/arm-none-eabi/9.3.1/../../../../arm-none-eabi/lib/thumb/v7-m/nofp\libc_nano.a(lib_a-init.o)
 .ARM.attributes
                0x0000000000000665       0x2d c:/st/stm32cubeide_1.6.1/stm32cubeide/plugins/com.st.stm32cube.ide.mcu.externaltools.gnu-tools-for-stm32.9-2020-q2-update.win32_1.5.0.202011040924/tools/bin/../lib/gcc/arm-none-eabi/9.3.1/../../../../arm-none-eabi/lib/thumb/v7-m/nofp\libc_nano.a(lib_a-memset.o)
 .ARM.attributes
                0x0000000000000692       0x17 c:/st/stm32cubeide_1.6.1/stm32cubeide/plugins/com.st.stm32cube.ide.mcu.externaltools.gnu-tools-for-stm32.9-2020-q2-update.win32_1.5.0.202011040924/tools/bin/../lib/gcc/arm-none-eabi/9.3.1/../../../../arm-none-eabi/lib/thumb/v7-m/nofp\libc_nano.a(lib_a-strlen.o)
 .ARM.attributes
                0x00000000000006a9       0x2d c:/st/stm32cubeide_1.6.1/stm32cubeide/plugins/com.st.stm32cube.ide.mcu.externaltools.gnu-tools-for-stm32.9-2020-q2-update.win32_1.5.0.202011040924/tools/bin/../lib/gcc/arm-none-eabi/9.3.1/../../../../arm-none-eabi/lib/thumb/v7-m/nofp\libm.a(lib_a-w_log.o)
 .ARM.attributes
                0x00000000000006d6       0x2d c:/st/stm32cubeide_1.6.1/stm32cubeide/plugins/com.st.stm32cube.ide.mcu.externaltools.gnu-tools-for-stm32.9-2020-q2-update.win32_1.5.0.202011040924/tools/bin/../lib/gcc/arm-none-eabi/9.3.1/../../../../arm-none-eabi/lib/thumb/v7-m/nofp\libm.a(lib_a-e_log.o)
 .ARM.attributes
                0x0000000000000703       0x2d c:/st/stm32cubeide_1.6.1/stm32cubeide/plugins/com.st.stm32cube.ide.mcu.externaltools.gnu-tools-for-stm32.9-2020-q2-update.win32_1.5.0.202011040924/tools/bin/../lib/gcc/arm-none-eabi/9.3.1/../../../../arm-none-eabi/lib/thumb/v7-m/nofp\libm.a(lib_a-s_lib_ver.o)
 .ARM.attributes
                0x0000000000000730       0x2d c:/st/stm32cubeide_1.6.1/stm32cubeide/plugins/com.st.stm32cube.ide.mcu.externaltools.gnu-tools-for-stm32.9-2020-q2-update.win32_1.5.0.202011040924/tools/bin/../lib/gcc/arm-none-eabi/9.3.1/../../../../arm-none-eabi/lib/thumb/v7-m/nofp\libm.a(lib_a-s_nan.o)
 .ARM.attributes
                0x000000000000075d       0x1d c:/st/stm32cubeide_1.6.1/stm32cubeide/plugins/com.st.stm32cube.ide.mcu.externaltools.gnu-tools-for-stm32.9-2020-q2-update.win32_1.5.0.202011040924/tools/bin/../lib/gcc/arm-none-eabi/9.3.1/thumb/v7-m/nofp\libgcc.a(_arm_addsubdf3.o)
 .ARM.attributes
                0x000000000000077a       0x1d c:/st/stm32cubeide_1.6.1/stm32cubeide/plugins/com.st.stm32cube.ide.mcu.externaltools.gnu-tools-for-stm32.9-2020-q2-update.win32_1.5.0.202011040924/tools/bin/../lib/gcc/arm-none-eabi/9.3.1/thumb/v7-m/nofp\libgcc.a(_arm_muldivdf3.o)
 .ARM.attributes
                0x0000000000000797       0x1d c:/st/stm32cubeide_1.6.1/stm32cubeide/plugins/com.st.stm32cube.ide.mcu.externaltools.gnu-tools-for-stm32.9-2020-q2-update.win32_1.5.0.202011040924/tools/bin/../lib/gcc/arm-none-eabi/9.3.1/thumb/v7-m/nofp\libgcc.a(_arm_cmpdf2.o)
 .ARM.attributes
                0x00000000000007b4       0x1d c:/st/stm32cubeide_1.6.1/stm32cubeide/plugins/com.st.stm32cube.ide.mcu.externaltools.gnu-tools-for-stm32.9-2020-q2-update.win32_1.5.0.202011040924/tools/bin/../lib/gcc/arm-none-eabi/9.3.1/thumb/v7-m/nofp\libgcc.a(_arm_unorddf2.o)
 .ARM.attributes
                0x00000000000007d1       0x1d c:/st/stm32cubeide_1.6.1/stm32cubeide/plugins/com.st.stm32cube.ide.mcu.externaltools.gnu-tools-for-stm32.9-2020-q2-update.win32_1.5.0.202011040924/tools/bin/../lib/gcc/arm-none-eabi/9.3.1/thumb/v7-m/nofp\libgcc.a(_arm_fixdfsi.o)
 .ARM.attributes
                0x00000000000007ee       0x1d c:/st/stm32cubeide_1.6.1/stm32cubeide/plugins/com.st.stm32cube.ide.mcu.externaltools.gnu-tools-for-stm32.9-2020-q2-update.win32_1.5.0.202011040924/tools/bin/../lib/gcc/arm-none-eabi/9.3.1/thumb/v7-m/nofp\libgcc.a(_arm_addsubsf3.o)
 .ARM.attributes
                0x000000000000080b       0x1d c:/st/stm32cubeide_1.6.1/stm32cubeide/plugins/com.st.stm32cube.ide.mcu.externaltools.gnu-tools-for-stm32.9-2020-q2-update.win32_1.5.0.202011040924/tools/bin/../lib/gcc/arm-none-eabi/9.3.1/thumb/v7-m/nofp\libgcc.a(_arm_muldivsf3.o)
 .ARM.attributes
                0x0000000000000828       0x1d c:/st/stm32cubeide_1.6.1/stm32cubeide/plugins/com.st.stm32cube.ide.mcu.externaltools.gnu-tools-for-stm32.9-2020-q2-update.win32_1.5.0.202011040924/tools/bin/../lib/gcc/arm-none-eabi/9.3.1/thumb/v7-m/nofp\libgcc.a(_arm_cmpsf2.o)
 .ARM.attributes
                0x0000000000000845       0x1d c:/st/stm32cubeide_1.6.1/stm32cubeide/plugins/com.st.stm32cube.ide.mcu.externaltools.gnu-tools-for-stm32.9-2020-q2-update.win32_1.5.0.202011040924/tools/bin/../lib/gcc/arm-none-eabi/9.3.1/thumb/v7-m/nofp/crtn.o
OUTPUT(stm32_test.elf elf32-littlearm)
LOAD linker stubs
LOAD c:/st/stm32cubeide_1.6.1/stm32cubeide/plugins/com.st.stm32cube.ide.mcu.externaltools.gnu-tools-for-stm32.9-2020-q2-update.win32_1.5.0.202011040924/tools/bin/../lib/gcc/arm-none-eabi/9.3.1/../../../../arm-none-eabi/lib/thumb/v7-m/nofp\libc.a
LOAD c:/st/stm32cubeide_1.6.1/stm32cubeide/plugins/com.st.stm32cube.ide.mcu.externaltools.gnu-tools-for-stm32.9-2020-q2-update.win32_1.5.0.202011040924/tools/bin/../lib/gcc/arm-none-eabi/9.3.1/../../../../arm-none-eabi/lib/thumb/v7-m/nofp\libm.a
LOAD c:/st/stm32cubeide_1.6.1/stm32cubeide/plugins/com.st.stm32cube.ide.mcu.externaltools.gnu-tools-for-stm32.9-2020-q2-update.win32_1.5.0.202011040924/tools/bin/../lib/gcc/arm-none-eabi/9.3.1/thumb/v7-m/nofp\libgcc.a

.debug_info     0x0000000000000000    0x1bf8f
 .debug_info    0x0000000000000000      0x896 Core/Src/adc.o
 .debug_info    0x0000000000000896      0x396 Core/Src/dma.o
 .debug_info    0x0000000000000c2c      0x3ac Core/Src/gpio.o
 .debug_info    0x0000000000000fd8      0x95a Core/Src/i2c.o
 .debug_info    0x0000000000001932     0x1f57 Core/Src/main.o
 .debug_info    0x0000000000003889      0x2fc Core/Src/stm32f1xx_hal_msp.o
 .debug_info    0x0000000000003b85      0x942 Core/Src/stm32f1xx_it.o
 .debug_info    0x00000000000044c7      0x2be Core/Src/system_stm32f1xx.o
 .debug_info    0x0000000000004785       0x22 Core/Startup/startup_stm32f103c8tx.o
 .debug_info    0x00000000000047a7     0x168c Core/api/eeprom/at24c.o
 .debug_info    0x0000000000005e33      0xa91 Core/api/eeprom.o
 .debug_info    0x00000000000068c4     0x12fe Core/api/imu.o
 .debug_info    0x0000000000007bc2     0x136a Core/api/imu/mpu_6050.o
 .debug_info    0x0000000000008f2c     0x143d Core/bsp/bsp.o
 .debug_info    0x000000000000a369      0x76a Drivers/STM32F1xx_HAL_Driver/Src/stm32f1xx_hal.o
 .debug_info    0x000000000000aad3      0xd2d Drivers/STM32F1xx_HAL_Driver/Src/stm32f1xx_hal_adc.o
 .debug_info    0x000000000000b800      0xbdc Drivers/STM32F1xx_HAL_Driver/Src/stm32f1xx_hal_cortex.o
 .debug_info    0x000000000000c3dc      0x81e Drivers/STM32F1xx_HAL_Driver/Src/stm32f1xx_hal_dma.o
 .debug_info    0x000000000000cbfa      0x701 Drivers/STM32F1xx_HAL_Driver/Src/stm32f1xx_hal_gpio.o
 .debug_info    0x000000000000d2fb     0x2774 Drivers/STM32F1xx_HAL_Driver/Src/stm32f1xx_hal_i2c.o
 .debug_info    0x000000000000fa6f     0x1332 Drivers/STM32F1xx_HAL_Driver/Src/stm32f1xx_hal_pcd.o
 .debug_info    0x0000000000010da1      0x7fa Drivers/STM32F1xx_HAL_Driver/Src/stm32f1xx_hal_pcd_ex.o
 .debug_info    0x000000000001159b      0x88e Drivers/STM32F1xx_HAL_Driver/Src/stm32f1xx_hal_rcc.o
 .debug_info    0x0000000000011e29      0x480 Drivers/STM32F1xx_HAL_Driver/Src/stm32f1xx_hal_rcc_ex.o
 .debug_info    0x00000000000122a9     0x1911 Drivers/STM32F1xx_HAL_Driver/Src/stm32f1xx_ll_usb.o
 .debug_info    0x0000000000013bba     0x124f Middlewares/ST/STM32_USB_Device_Library/Class/HID/Src/usbd_hid.o
 .debug_info    0x0000000000014e09     0x12ef Middlewares/ST/STM32_USB_Device_Library/Core/Src/usbd_core.o
 .debug_info    0x00000000000160f8     0x125c Middlewares/ST/STM32_USB_Device_Library/Core/Src/usbd_ctlreq.o
 .debug_info    0x0000000000017354     0x102e Middlewares/ST/STM32_USB_Device_Library/Core/Src/usbd_ioreq.o
 .debug_info    0x0000000000018382      0xeaf USB_DEVICE/App/usb_device.o
 .debug_info    0x0000000000019231      0xde8 USB_DEVICE/App/usbd_desc.o
 .debug_info    0x000000000001a019     0x1f76 USB_DEVICE/Target/usbd_conf.o

.debug_abbrev   0x0000000000000000     0x41b4
 .debug_abbrev  0x0000000000000000      0x1ce Core/Src/adc.o
 .debug_abbrev  0x00000000000001ce      0x11b Core/Src/dma.o
 .debug_abbrev  0x00000000000002e9      0x14e Core/Src/gpio.o
 .debug_abbrev  0x0000000000000437      0x1bb Core/Src/i2c.o
 .debug_abbrev  0x00000000000005f2      0x2cf Core/Src/main.o
 .debug_abbrev  0x00000000000008c1      0x11d Core/Src/stm32f1xx_hal_msp.o
 .debug_abbrev  0x00000000000009de      0x194 Core/Src/stm32f1xx_it.o
 .debug_abbrev  0x0000000000000b72      0x14e Core/Src/system_stm32f1xx.o
 .debug_abbrev  0x0000000000000cc0       0x12 Core/Startup/startup_stm32f103c8tx.o
 .debug_abbrev  0x0000000000000cd2      0x29a Core/api/eeprom/at24c.o
 .debug_abbrev  0x0000000000000f6c      0x1a5 Core/api/eeprom.o
 .debug_abbrev  0x0000000000001111      0x27c Core/api/imu.o
 .debug_abbrev  0x000000000000138d      0x239 Core/api/imu/mpu_6050.o
 .debug_abbrev  0x00000000000015c6      0x208 Core/bsp/bsp.o
 .debug_abbrev  0x00000000000017ce      0x1ed Drivers/STM32F1xx_HAL_Driver/Src/stm32f1xx_hal.o
 .debug_abbrev  0x00000000000019bb      0x1fb Drivers/STM32F1xx_HAL_Driver/Src/stm32f1xx_hal_adc.o
 .debug_abbrev  0x0000000000001bb6      0x313 Drivers/STM32F1xx_HAL_Driver/Src/stm32f1xx_hal_cortex.o
 .debug_abbrev  0x0000000000001ec9      0x228 Drivers/STM32F1xx_HAL_Driver/Src/stm32f1xx_hal_dma.o
 .debug_abbrev  0x00000000000020f1      0x1e8 Drivers/STM32F1xx_HAL_Driver/Src/stm32f1xx_hal_gpio.o
 .debug_abbrev  0x00000000000022d9      0x288 Drivers/STM32F1xx_HAL_Driver/Src/stm32f1xx_hal_i2c.o
 .debug_abbrev  0x0000000000002561      0x29e Drivers/STM32F1xx_HAL_Driver/Src/stm32f1xx_hal_pcd.o
 .debug_abbrev  0x00000000000027ff      0x1ac Drivers/STM32F1xx_HAL_Driver/Src/stm32f1xx_hal_pcd_ex.o
 .debug_abbrev  0x00000000000029ab      0x273 Drivers/STM32F1xx_HAL_Driver/Src/stm32f1xx_hal_rcc.o
 .debug_abbrev  0x0000000000002c1e      0x193 Drivers/STM32F1xx_HAL_Driver/Src/stm32f1xx_hal_rcc_ex.o
 .debug_abbrev  0x0000000000002db1      0x1fa Drivers/STM32F1xx_HAL_Driver/Src/stm32f1xx_ll_usb.o
 .debug_abbrev  0x0000000000002fab      0x2b7 Middlewares/ST/STM32_USB_Device_Library/Class/HID/Src/usbd_hid.o
 .debug_abbrev  0x0000000000003262      0x2a8 Middlewares/ST/STM32_USB_Device_Library/Core/Src/usbd_core.o
 .debug_abbrev  0x000000000000350a      0x2de Middlewares/ST/STM32_USB_Device_Library/Core/Src/usbd_ctlreq.o
 .debug_abbrev  0x00000000000037e8      0x20a Middlewares/ST/STM32_USB_Device_Library/Core/Src/usbd_ioreq.o
 .debug_abbrev  0x00000000000039f2      0x1db USB_DEVICE/App/usb_device.o
 .debug_abbrev  0x0000000000003bcd      0x2ca USB_DEVICE/App/usbd_desc.o
 .debug_abbrev  0x0000000000003e97      0x31d USB_DEVICE/Target/usbd_conf.o

.debug_aranges  0x0000000000000000     0x1028
 .debug_aranges
                0x0000000000000000       0x30 Core/Src/adc.o
 .debug_aranges
                0x0000000000000030       0x20 Core/Src/dma.o
 .debug_aranges
                0x0000000000000050       0x20 Core/Src/gpio.o
 .debug_aranges
                0x0000000000000070       0x30 Core/Src/i2c.o
 .debug_aranges
                0x00000000000000a0       0x50 Core/Src/main.o
 .debug_aranges
                0x00000000000000f0       0x20 Core/Src/stm32f1xx_hal_msp.o
 .debug_aranges
                0x0000000000000110       0x78 Core/Src/stm32f1xx_it.o
 .debug_aranges
                0x0000000000000188       0x28 Core/Src/system_stm32f1xx.o
 .debug_aranges
                0x00000000000001b0       0x28 Core/Startup/startup_stm32f103c8tx.o
 .debug_aranges
                0x00000000000001d8       0x60 Core/api/eeprom/at24c.o
 .debug_aranges
                0x0000000000000238       0x48 Core/api/eeprom.o
 .debug_aranges
                0x0000000000000280       0x48 Core/api/imu.o
 .debug_aranges
                0x00000000000002c8       0x40 Core/api/imu/mpu_6050.o
 .debug_aranges
                0x0000000000000308       0x28 Core/bsp/bsp.o
 .debug_aranges
                0x0000000000000330       0xe0 Drivers/STM32F1xx_HAL_Driver/Src/stm32f1xx_hal.o
 .debug_aranges
                0x0000000000000410       0xf0 Drivers/STM32F1xx_HAL_Driver/Src/stm32f1xx_hal_adc.o
 .debug_aranges
                0x0000000000000500      0x100 Drivers/STM32F1xx_HAL_Driver/Src/stm32f1xx_hal_cortex.o
 .debug_aranges
                0x0000000000000600       0x80 Drivers/STM32F1xx_HAL_Driver/Src/stm32f1xx_hal_dma.o
 .debug_aranges
                0x0000000000000680       0x58 Drivers/STM32F1xx_HAL_Driver/Src/stm32f1xx_hal_gpio.o
 .debug_aranges
                0x00000000000006d8      0x2a0 Drivers/STM32F1xx_HAL_Driver/Src/stm32f1xx_hal_i2c.o
 .debug_aranges
                0x0000000000000978      0x138 Drivers/STM32F1xx_HAL_Driver/Src/stm32f1xx_hal_pcd.o
 .debug_aranges
                0x0000000000000ab0       0x38 Drivers/STM32F1xx_HAL_Driver/Src/stm32f1xx_hal_pcd_ex.o
 .debug_aranges
                0x0000000000000ae8       0x90 Drivers/STM32F1xx_HAL_Driver/Src/stm32f1xx_hal_rcc.o
 .debug_aranges
                0x0000000000000b78       0x30 Drivers/STM32F1xx_HAL_Driver/Src/stm32f1xx_hal_rcc_ex.o
 .debug_aranges
                0x0000000000000ba8       0xf0 Drivers/STM32F1xx_HAL_Driver/Src/stm32f1xx_ll_usb.o
 .debug_aranges
                0x0000000000000c98       0x68 Middlewares/ST/STM32_USB_Device_Library/Class/HID/Src/usbd_hid.o
 .debug_aranges
                0x0000000000000d00       0xb8 Middlewares/ST/STM32_USB_Device_Library/Core/Src/usbd_core.o
 .debug_aranges
                0x0000000000000db8       0x88 Middlewares/ST/STM32_USB_Device_Library/Core/Src/usbd_ctlreq.o
 .debug_aranges
                0x0000000000000e40       0x50 Middlewares/ST/STM32_USB_Device_Library/Core/Src/usbd_ioreq.o
 .debug_aranges
                0x0000000000000e90       0x20 USB_DEVICE/App/usb_device.o
 .debug_aranges
                0x0000000000000eb0       0x60 USB_DEVICE/App/usbd_desc.o
 .debug_aranges
                0x0000000000000f10      0x118 USB_DEVICE/Target/usbd_conf.o

.debug_ranges   0x0000000000000000      0xe58
 .debug_ranges  0x0000000000000000       0x20 Core/Src/adc.o
 .debug_ranges  0x0000000000000020       0x10 Core/Src/dma.o
 .debug_ranges  0x0000000000000030       0x10 Core/Src/gpio.o
 .debug_ranges  0x0000000000000040       0x20 Core/Src/i2c.o
 .debug_ranges  0x0000000000000060       0x40 Core/Src/main.o
 .debug_ranges  0x00000000000000a0       0x10 Core/Src/stm32f1xx_hal_msp.o
 .debug_ranges  0x00000000000000b0       0x68 Core/Src/stm32f1xx_it.o
 .debug_ranges  0x0000000000000118       0x18 Core/Src/system_stm32f1xx.o
 .debug_ranges  0x0000000000000130       0x20 Core/Startup/startup_stm32f103c8tx.o
 .debug_ranges  0x0000000000000150       0x50 Core/api/eeprom/at24c.o
 .debug_ranges  0x00000000000001a0       0x38 Core/api/eeprom.o
 .debug_ranges  0x00000000000001d8       0x38 Core/api/imu.o
 .debug_ranges  0x0000000000000210       0x30 Core/api/imu/mpu_6050.o
 .debug_ranges  0x0000000000000240       0x18 Core/bsp/bsp.o
 .debug_ranges  0x0000000000000258       0xd0 Drivers/STM32F1xx_HAL_Driver/Src/stm32f1xx_hal.o
 .debug_ranges  0x0000000000000328       0xe0 Drivers/STM32F1xx_HAL_Driver/Src/stm32f1xx_hal_adc.o
 .debug_ranges  0x0000000000000408       0xf0 Drivers/STM32F1xx_HAL_Driver/Src/stm32f1xx_hal_cortex.o
 .debug_ranges  0x00000000000004f8       0x70 Drivers/STM32F1xx_HAL_Driver/Src/stm32f1xx_hal_dma.o
 .debug_ranges  0x0000000000000568       0x48 Drivers/STM32F1xx_HAL_Driver/Src/stm32f1xx_hal_gpio.o
 .debug_ranges  0x00000000000005b0      0x2b8 Drivers/STM32F1xx_HAL_Driver/Src/stm32f1xx_hal_i2c.o
 .debug_ranges  0x0000000000000868      0x128 Drivers/STM32F1xx_HAL_Driver/Src/stm32f1xx_hal_pcd.o
 .debug_ranges  0x0000000000000990       0x28 Drivers/STM32F1xx_HAL_Driver/Src/stm32f1xx_hal_pcd_ex.o
 .debug_ranges  0x00000000000009b8       0x80 Drivers/STM32F1xx_HAL_Driver/Src/stm32f1xx_hal_rcc.o
 .debug_ranges  0x0000000000000a38       0x20 Drivers/STM32F1xx_HAL_Driver/Src/stm32f1xx_hal_rcc_ex.o
 .debug_ranges  0x0000000000000a58       0xe0 Drivers/STM32F1xx_HAL_Driver/Src/stm32f1xx_ll_usb.o
 .debug_ranges  0x0000000000000b38       0x58 Middlewares/ST/STM32_USB_Device_Library/Class/HID/Src/usbd_hid.o
 .debug_ranges  0x0000000000000b90       0xa8 Middlewares/ST/STM32_USB_Device_Library/Core/Src/usbd_core.o
 .debug_ranges  0x0000000000000c38       0x78 Middlewares/ST/STM32_USB_Device_Library/Core/Src/usbd_ctlreq.o
 .debug_ranges  0x0000000000000cb0       0x40 Middlewares/ST/STM32_USB_Device_Library/Core/Src/usbd_ioreq.o
 .debug_ranges  0x0000000000000cf0       0x10 USB_DEVICE/App/usb_device.o
 .debug_ranges  0x0000000000000d00       0x50 USB_DEVICE/App/usbd_desc.o
 .debug_ranges  0x0000000000000d50      0x108 USB_DEVICE/Target/usbd_conf.o

.debug_macro    0x0000000000000000    0x1baa5
 .debug_macro   0x0000000000000000      0x1df Core/Src/adc.o
 .debug_macro   0x00000000000001df      0xa9c Core/Src/adc.o
 .debug_macro   0x0000000000000c7b      0x227 Core/Src/adc.o
 .debug_macro   0x0000000000000ea2       0x2e Core/Src/adc.o
 .debug_macro   0x0000000000000ed0       0x22 Core/Src/adc.o
 .debug_macro   0x0000000000000ef2       0x22 Core/Src/adc.o
 .debug_macro   0x0000000000000f14       0x8e Core/Src/adc.o
 .debug_macro   0x0000000000000fa2       0x51 Core/Src/adc.o
 .debug_macro   0x0000000000000ff3      0x103 Core/Src/adc.o
 .debug_macro   0x00000000000010f6       0x6a Core/Src/adc.o
 .debug_macro   0x0000000000001160      0x1df Core/Src/adc.o
 .debug_macro   0x000000000000133f       0x1c Core/Src/adc.o
 .debug_macro   0x000000000000135b       0x22 Core/Src/adc.o
 .debug_macro   0x000000000000137d       0xc3 Core/Src/adc.o
 .debug_macro   0x0000000000001440      0xd23 Core/Src/adc.o
 .debug_macro   0x0000000000002163     0xe097 Core/Src/adc.o
 .debug_macro   0x00000000000101fa       0x43 Core/Src/adc.o
 .debug_macro   0x000000000001023d     0x3468 Core/Src/adc.o
 .debug_macro   0x00000000000136a5      0x174 Core/Src/adc.o
 .debug_macro   0x0000000000013819       0x5c Core/Src/adc.o
 .debug_macro   0x0000000000013875      0x5be Core/Src/adc.o
 .debug_macro   0x0000000000013e33      0x289 Core/Src/adc.o
 .debug_macro   0x00000000000140bc      0x1cb Core/Src/adc.o
 .debug_macro   0x0000000000014287      0x114 Core/Src/adc.o
 .debug_macro   0x000000000001439b      0x1b2 Core/Src/adc.o
 .debug_macro   0x000000000001454d       0x27 Core/Src/adc.o
 .debug_macro   0x0000000000014574      0x136 Core/Src/adc.o
 .debug_macro   0x00000000000146aa      0x1bc Core/Src/adc.o
 .debug_macro   0x0000000000014866       0x34 Core/Src/adc.o
 .debug_macro   0x000000000001489a       0x3c Core/Src/adc.o
 .debug_macro   0x00000000000148d6       0x57 Core/Src/adc.o
 .debug_macro   0x000000000001492d      0x46a Core/Src/adc.o
 .debug_macro   0x0000000000014d97      0x1b5 Core/Src/adc.o
 .debug_macro   0x0000000000014f4c       0x88 Core/Src/adc.o
 .debug_macro   0x0000000000014fd4      0x241 Core/Src/adc.o
 .debug_macro   0x0000000000015215      0x287 Core/Src/adc.o
 .debug_macro   0x000000000001549c      0x141 Core/Src/adc.o
 .debug_macro   0x00000000000155dd       0x65 Core/Src/adc.o
 .debug_macro   0x0000000000015642      0x249 Core/Src/adc.o
 .debug_macro   0x000000000001588b       0x83 Core/Src/adc.o
 .debug_macro   0x000000000001590e       0x10 Core/Src/adc.o
 .debug_macro   0x000000000001591e      0x1df Core/Src/dma.o
 .debug_macro   0x0000000000015afd      0x1df Core/Src/gpio.o
 .debug_macro   0x0000000000015cdc      0x1df Core/Src/i2c.o
 .debug_macro   0x0000000000015ebb      0x4ac Core/Src/main.o
 .debug_macro   0x0000000000016367       0x52 Core/Src/main.o
 .debug_macro   0x00000000000163b9       0x18 Core/Src/main.o
 .debug_macro   0x00000000000163d1       0x3c Core/Src/main.o
 .debug_macro   0x000000000001640d       0x34 Core/Src/main.o
 .debug_macro   0x0000000000016441       0x16 Core/Src/main.o
 .debug_macro   0x0000000000016457       0x35 Core/Src/main.o
 .debug_macro   0x000000000001648c      0x333 Core/Src/main.o
 .debug_macro   0x00000000000167bf       0x10 Core/Src/main.o
 .debug_macro   0x00000000000167cf       0x16 Core/Src/main.o
 .debug_macro   0x00000000000167e5       0x43 Core/Src/main.o
 .debug_macro   0x0000000000016828       0x34 Core/Src/main.o
 .debug_macro   0x000000000001685c       0x10 Core/Src/main.o
 .debug_macro   0x000000000001686c       0x58 Core/Src/main.o
 .debug_macro   0x00000000000168c4       0x71 Core/Src/main.o
 .debug_macro   0x0000000000016935       0x1c Core/Src/main.o
 .debug_macro   0x0000000000016951      0x12a Core/Src/main.o
 .debug_macro   0x0000000000016a7b       0x10 Core/Src/main.o
 .debug_macro   0x0000000000016a8b       0x1c Core/Src/main.o
 .debug_macro   0x0000000000016aa7       0x52 Core/Src/main.o
 .debug_macro   0x0000000000016af9       0x22 Core/Src/main.o
 .debug_macro   0x0000000000016b1b       0x10 Core/Src/main.o
 .debug_macro   0x0000000000016b2b       0x40 Core/Src/main.o
 .debug_macro   0x0000000000016b6b       0xd5 Core/Src/main.o
 .debug_macro   0x0000000000016c40       0x1c Core/Src/main.o
 .debug_macro   0x0000000000016c5c       0x3d Core/Src/main.o
 .debug_macro   0x0000000000016c99       0x16 Core/Src/main.o
 .debug_macro   0x0000000000016caf      0x145 Core/Src/main.o
 .debug_macro   0x0000000000016df4       0x16 Core/Src/main.o
 .debug_macro   0x0000000000016e0a       0x16 Core/Src/main.o
 .debug_macro   0x0000000000016e20       0x29 Core/Src/main.o
 .debug_macro   0x0000000000016e49       0x16 Core/Src/main.o
 .debug_macro   0x0000000000016e5f       0x20 Core/Src/main.o
 .debug_macro   0x0000000000016e7f       0x60 Core/Src/main.o
 .debug_macro   0x0000000000016edf      0x1c8 Core/Src/main.o
 .debug_macro   0x00000000000170a7       0x16 Core/Src/main.o
 .debug_macro   0x00000000000170bd       0x40 Core/Src/main.o
 .debug_macro   0x00000000000170fd      0x1a9 Core/Src/main.o
 .debug_macro   0x00000000000172a6       0x16 Core/Src/main.o
 .debug_macro   0x00000000000172bc       0x46 Core/Src/main.o
 .debug_macro   0x0000000000017302       0x5e Core/Src/main.o
 .debug_macro   0x0000000000017360      0x1d5 Core/Src/stm32f1xx_hal_msp.o
 .debug_macro   0x0000000000017535      0x1df Core/Src/stm32f1xx_it.o
 .debug_macro   0x0000000000017714      0x1c6 Core/Src/system_stm32f1xx.o
 .debug_macro   0x00000000000178da      0x2af Core/api/eeprom/at24c.o
 .debug_macro   0x0000000000017b89       0xbd Core/api/eeprom/at24c.o
 .debug_macro   0x0000000000017c46       0x56 Core/api/eeprom/at24c.o
 .debug_macro   0x0000000000017c9c      0x1d0 Core/api/eeprom.o
 .debug_macro   0x0000000000017e6c      0x2ab Core/api/imu.o
 .debug_macro   0x0000000000018117      0x2ba Core/api/imu/mpu_6050.o
 .debug_macro   0x00000000000183d1       0x40 Core/api/imu/mpu_6050.o
 .debug_macro   0x0000000000018411      0x2da Core/bsp/bsp.o
 .debug_macro   0x00000000000186eb      0x1ea Drivers/STM32F1xx_HAL_Driver/Src/stm32f1xx_hal.o
 .debug_macro   0x00000000000188d5      0x1e3 Drivers/STM32F1xx_HAL_Driver/Src/stm32f1xx_hal_adc.o
 .debug_macro   0x0000000000018ab8      0x1c6 Drivers/STM32F1xx_HAL_Driver/Src/stm32f1xx_hal_cortex.o
 .debug_macro   0x0000000000018c7e      0x1c6 Drivers/STM32F1xx_HAL_Driver/Src/stm32f1xx_hal_dma.o
 .debug_macro   0x0000000000018e44      0x231 Drivers/STM32F1xx_HAL_Driver/Src/stm32f1xx_hal_gpio.o